Component: ARM Compiler 5.05 update 1 (build 106) Tool: armlink [4d0efa]

==============================================================================

Section Cross References

    startup_stm32h745xx_cm4.o(STACK) refers (Special) to heapauxi.o(.text) for __use_two_region_memory
    startup_stm32h745xx_cm4.o(HEAP) refers (Special) to heapauxi.o(.text) for __use_two_region_memory
    startup_stm32h745xx_cm4.o(RESET) refers (Special) to heapauxi.o(.text) for __use_two_region_memory
    startup_stm32h745xx_cm4.o(RESET) refers to startup_stm32h745xx_cm4.o(STACK) for __initial_sp
    startup_stm32h745xx_cm4.o(RESET) refers to startup_stm32h745xx_cm4.o(.text) for Reset_Handler
    startup_stm32h745xx_cm4.o(RESET) refers to stm32h7xx_it.o(i.NMI_Handler) for NMI_Handler
    startup_stm32h745xx_cm4.o(RESET) refers to stm32h7xx_it.o(i.HardFault_Handler) for HardFault_Handler
    startup_stm32h745xx_cm4.o(RESET) refers to stm32h7xx_it.o(i.MemManage_Handler) for MemManage_Handler
    startup_stm32h745xx_cm4.o(RESET) refers to stm32h7xx_it.o(i.BusFault_Handler) for BusFault_Handler
    startup_stm32h745xx_cm4.o(RESET) refers to stm32h7xx_it.o(i.UsageFault_Handler) for UsageFault_Handler
    startup_stm32h745xx_cm4.o(RESET) refers to stm32h7xx_it.o(i.SVC_Handler) for SVC_Handler
    startup_stm32h745xx_cm4.o(RESET) refers to stm32h7xx_it.o(i.DebugMon_Handler) for DebugMon_Handler
    startup_stm32h745xx_cm4.o(RESET) refers to stm32h7xx_it.o(i.PendSV_Handler) for PendSV_Handler
    startup_stm32h745xx_cm4.o(RESET) refers to stm32h7xx_it.o(i.SysTick_Handler) for SysTick_Handler
    startup_stm32h745xx_cm4.o(RESET) refers to stm32h7xx_it.o(i.EXTI15_10_IRQHandler) for EXTI15_10_IRQHandler
    startup_stm32h745xx_cm4.o(.text) refers (Special) to heapauxi.o(.text) for __use_two_region_memory
    startup_stm32h745xx_cm4.o(.text) refers to system_stm32h7xx_dualcore_boot_cm4_cm7.o(i.SystemInit) for SystemInit
    startup_stm32h745xx_cm4.o(.text) refers to __main.o(!!!main) for __main
    startup_stm32h745xx_cm4.o(.text) refers to startup_stm32h745xx_cm4.o(HEAP) for Heap_Mem
    startup_stm32h745xx_cm4.o(.text) refers to startup_stm32h745xx_cm4.o(STACK) for Stack_Mem
    main.o(i.HAL_GPIO_EXTI_Callback) refers to main.o(i._FLASH_WaitForLastOperation) for _FLASH_WaitForLastOperation
    main.o(i.SystemClock_Config) refers to rt_memclr_w.o(.text) for __aeabi_memclr4
    main.o(i.SystemClock_Config) refers to stm32h7xx_hal_pwr_ex.o(i.HAL_PWREx_ConfigSupply) for HAL_PWREx_ConfigSupply
    main.o(i.SystemClock_Config) refers to stm32h7xx_hal_rcc.o(i.HAL_RCC_OscConfig) for HAL_RCC_OscConfig
    main.o(i.SystemClock_Config) refers to stm32h7xx_hal_rcc.o(i.HAL_RCC_ClockConfig) for HAL_RCC_ClockConfig
    main.o(i._FLASH_Program) refers to stm32h7xx_hal_flash.o(i.HAL_FLASH_Unlock) for HAL_FLASH_Unlock
    main.o(i._FLASH_Program) refers to main.o(i._FLASH_WaitForLastOperation) for _FLASH_WaitForLastOperation
    main.o(i._FLASH_Program) refers to main.o(i.GetSector) for GetSector
    main.o(i._FLASH_Program) refers to stm32h7xx_hal_flash.o(i.HAL_FLASH_Lock) for HAL_FLASH_Lock
    main.o(i._FLASH_Program) refers to main.o(.data) for .data
    main.o(i.main) refers to stm32h7xx_hal.o(i.HAL_Init) for HAL_Init
    main.o(i.main) refers to main.o(i.SystemClock_Config) for SystemClock_Config
    main.o(i.main) refers to stm32h7xx_hal_gpio.o(i.HAL_GPIO_WritePin) for HAL_GPIO_WritePin
    main.o(i.main) refers to stm32h7xx_hal_gpio.o(i.HAL_GPIO_Init) for HAL_GPIO_Init
    main.o(i.main) refers to stm32h7xx_hal_cortex.o(i.HAL_NVIC_SetPriority) for HAL_NVIC_SetPriority
    main.o(i.main) refers to stm32h7xx_hal_cortex.o(i.HAL_NVIC_EnableIRQ) for HAL_NVIC_EnableIRQ
    main.o(i.main) refers to stm32h7xx_hal.o(i.HAL_Delay) for HAL_Delay
    main.o(i.main) refers to flash_if.o(i._FLASH_ProgramTest) for _FLASH_ProgramTest
    main.o(i.main) refers to flash_if.o(i._FLASH_OptionByteTest) for _FLASH_OptionByteTest
    main.o(i.main) refers to stm32h7xx_hal_gpio.o(i.HAL_GPIO_TogglePin) for HAL_GPIO_TogglePin
    main.o(i.main) refers to flash_if.o(.data) for Reboot_Core
    main.o(i.main) refers to main.o(.data) for .data
    stm32h7xx_it.o(i.EXTI15_10_IRQHandler) refers to stm32h7xx_hal_gpio.o(i.HAL_GPIO_EXTI_IRQHandler) for HAL_GPIO_EXTI_IRQHandler
    stm32h7xx_it.o(i.SysTick_Handler) refers to stm32h7xx_hal.o(i.HAL_IncTick) for HAL_IncTick
    flash_if.o(i._FLASH_OptionByteTest) refers to main.o(i._FLASH_OB_Unlock) for _FLASH_OB_Unlock
    flash_if.o(i._FLASH_OptionByteTest) refers to main.o(i._FLASH_Unlock) for _FLASH_Unlock
    flash_if.o(i._FLASH_OptionByteTest) refers to main.o(i._FLASH_WaitForLastOperation) for _FLASH_WaitForLastOperation
    flash_if.o(i._FLASH_OptionByteTest) refers to main.o(i.Error_Handler) for Error_Handler
    flash_if.o(i._FLASH_OptionByteTest) refers to main.o(i._FLASH_CRC_WaitForLastOperation) for _FLASH_CRC_WaitForLastOperation
[...]
    Removing stm32h7xx_hal_pwr_ex.o(.rev16_text), (4 bytes).
    Removing stm32h7xx_hal_pwr_ex.o(.revsh_text), (4 bytes).
    Removing stm32h7xx_hal_pwr_ex.o(.rrx_text), (6 bytes).
    Removing stm32h7xx_hal_pwr_ex.o(i.HAL_PWREx_AVDCallback), (2 bytes).
    Removing stm32h7xx_hal_pwr_ex.o(i.HAL_PWREx_ClearDomainFlags), (44 bytes).
    Removing stm32h7xx_hal_pwr_ex.o(i.HAL_PWREx_ClearPendingEvent), (16 bytes).
    Removing stm32h7xx_hal_pwr_ex.o(i.HAL_PWREx_ClearWakeupFlag), (24 bytes).
    Removing stm32h7xx_hal_pwr_ex.o(i.HAL_PWREx_ConfigAVD), (76 bytes).
    Removing stm32h7xx_hal_pwr_ex.o(i.HAL_PWREx_ConfigD3Domain), (20 bytes).
    Removing stm32h7xx_hal_pwr_ex.o(i.HAL_PWREx_ControlStopModeVoltageScaling), (20 bytes).
    Removing stm32h7xx_hal_pwr_ex.o(i.HAL_PWREx_ControlVoltageScaling), (232 bytes).
    Removing stm32h7xx_hal_pwr_ex.o(i.HAL_PWREx_DisableAVD), (16 bytes).
    Removing stm32h7xx_hal_pwr_ex.o(i.HAL_PWREx_DisableBatteryCharging), (16 bytes).
    Removing stm32h7xx_hal_pwr_ex.o(i.HAL_PWREx_DisableBkUpReg), (60 bytes).
    Removing stm32h7xx_hal_pwr_ex.o(i.HAL_PWREx_DisableFlashPowerDown), (16 bytes).
    Removing stm32h7xx_hal_pwr_ex.o(i.HAL_PWREx_DisableMonitoring), (16 bytes).
    Removing stm32h7xx_hal_pwr_ex.o(i.HAL_PWREx_DisableUSBReg), (60 bytes).
    Removing stm32h7xx_hal_pwr_ex.o(i.HAL_PWREx_DisableUSBVoltageDetector), (16 bytes).
    Removing stm32h7xx_hal_pwr_ex.o(i.HAL_PWREx_DisableWakeUpPin), (16 bytes).
    Removing stm32h7xx_hal_pwr_ex.o(i.HAL_PWREx_EnableAVD), (16 bytes).
    Removing stm32h7xx_hal_pwr_ex.o(i.HAL_PWREx_EnableBatteryCharging), (28 bytes).
    Removing stm32h7xx_hal_pwr_ex.o(i.HAL_PWREx_EnableBkUpReg), (60 bytes).
    Removing stm32h7xx_hal_pwr_ex.o(i.HAL_PWREx_EnableFlashPowerDown), (16 bytes).
    Removing stm32h7xx_hal_pwr_ex.o(i.HAL_PWREx_EnableMonitoring), (16 bytes).
    Removing stm32h7xx_hal_pwr_ex.o(i.HAL_PWREx_EnableUSBReg), (60 bytes).
    Removing stm32h7xx_hal_pwr_ex.o(i.HAL_PWREx_EnableUSBVoltageDetector), (16 bytes).
    Removing stm32h7xx_hal_pwr_ex.o(i.HAL_PWREx_EnableWakeUpPin), (116 bytes).
    Removing stm32h7xx_hal_pwr_ex.o(i.HAL_PWREx_EnterSTANDBYMode), (116 bytes).
    Removing stm32h7xx_hal_pwr_ex.o(i.HAL_PWREx_EnterSTOPMode), (176 bytes).
    Removing stm32h7xx_hal_pwr_ex.o(i.HAL_PWREx_GetStopModeVoltageRange), (16 bytes).
    Removing stm32h7xx_hal_pwr_ex.o(i.HAL_PWREx_GetSupplyConfig), (16 bytes).
    Removing stm32h7xx_hal_pwr_ex.o(i.HAL_PWREx_GetTemperatureLevel), (28 bytes).
    Removing stm32h7xx_hal_pwr_ex.o(i.HAL_PWREx_GetVBATLevel), (28 bytes).
    Removing stm32h7xx_hal_pwr_ex.o(i.HAL_PWREx_GetVoltageRange), (16 bytes).
    Removing stm32h7xx_hal_pwr_ex.o(i.HAL_PWREx_GetWakeupFlag), (12 bytes).
    Removing stm32h7xx_hal_pwr_ex.o(i.HAL_PWREx_HoldCore), (60 bytes).
    Removing stm32h7xx_hal_pwr_ex.o(i.HAL_PWREx_PVD_AVD_IRQHandler), (160 bytes).
    Removing stm32h7xx_hal_pwr_ex.o(i.HAL_PWREx_ReleaseCore), (36 bytes).
    Removing stm32h7xx_hal_pwr_ex.o(i.HAL_PWREx_WAKEUP_PIN_IRQHandler), (136 bytes).
    Removing stm32h7xx_hal_pwr_ex.o(i.HAL_PWREx_WKUP1_Callback), (2 bytes).
    Removing stm32h7xx_hal_pwr_ex.o(i.HAL_PWREx_WKUP2_Callback), (2 bytes).
    Removing stm32h7xx_hal_pwr_ex.o(i.HAL_PWREx_WKUP3_Callback), (2 bytes).
    Removing stm32h7xx_hal_pwr_ex.o(i.HAL_PWREx_WKUP4_Callback), (2 bytes).
    Removing stm32h7xx_hal_pwr_ex.o(i.HAL_PWREx_WKUP5_Callback), (2 bytes).
    Removing stm32h7xx_hal_pwr_ex.o(i.HAL_PWREx_WKUP6_Callback), (2 bytes).
    Removing stm32h7xx_hal.o(.rev16_text), (4 bytes).
    Removing stm32h7xx_hal.o(.revsh_text), (4 bytes).
    Removing stm32h7xx_hal.o(.rrx_text), (6 bytes).
    Removing stm32h7xx_hal.o(i.HAL_DBGMCU_DisableDBGSleepMode), (16 bytes).
    Removing stm32h7xx_hal.o(i.HAL_DBGMCU_DisableDBGStandbyMode), (16 bytes).
    Removing stm32h7xx_hal.o(i.HAL_DBGMCU_DisableDBGStopMode), (16 bytes).
    Removing stm32h7xx_hal.o(i.HAL_DBGMCU_EnableDBGSleepMode), (16 bytes).
    Removing stm32h7xx_hal.o(i.HAL_DBGMCU_EnableDBGStandbyMode), (16 bytes).
    Removing stm32h7xx_hal.o(i.HAL_DBGMCU_EnableDBGStopMode), (16 bytes).
    Removing stm32h7xx_hal.o(i.HAL_DeInit), (116 bytes).
    Removing stm32h7xx_hal.o(i.HAL_DisableCompensationCell), (16 bytes).
    Removing stm32h7xx_hal.o(i.HAL_DisableDomain2DBGSleepMode), (16 bytes).
    Removing stm32h7xx_hal.o(i.HAL_DisableDomain2DBGStandbyMode), (16 bytes).
    Removing stm32h7xx_hal.o(i.HAL_DisableDomain2DBGStopMode), (16 bytes).
    Removing stm32h7xx_hal.o(i.HAL_EXTI_D1_ClearFlag), (24 bytes).
    Removing stm32h7xx_hal.o(i.HAL_EXTI_D1_EventInputConfig), (104 bytes).
    Removing stm32h7xx_hal.o(i.HAL_EXTI_D2_ClearFlag), (24 bytes).
    Removing stm32h7xx_hal.o(i.HAL_EXTI_D2_EventInputConfig), (104 bytes).
    Removing stm32h7xx_hal.o(i.HAL_EXTI_D3_EventInputConfig), (82 bytes).
    Removing stm32h7xx_hal.o(i.HAL_EXTI_EdgeConfig), (58 bytes).
    Removing stm32h7xx_hal.o(i.HAL_EXTI_GenerateSWInterrupt), (26 bytes).
    Removing stm32h7xx_hal.o(i.HAL_EnableCompensationCell), (16 bytes).
    Removing stm32h7xx_hal.o(i.HAL_EnableDomain2DBGSleepMode), (16 bytes).
    Removing stm32h7xx_hal.o(i.HAL_EnableDomain2DBGStandbyMode), (16 bytes).
    Removing stm32h7xx_hal.o(i.HAL_EnableDomain2DBGStopMode), (16 bytes).
    Removing stm32h7xx_hal.o(i.HAL_GetDEVID), (16 bytes).
    Removing stm32h7xx_hal.o(i.HAL_GetFMCMemorySwappingConfig), (16 bytes).
    Removing stm32h7xx_hal.o(i.HAL_GetHalVersion), (8 bytes).
    Removing stm32h7xx_hal.o(i.HAL_GetTickFreq), (12 bytes).
    Removing stm32h7xx_hal.o(i.HAL_GetTickPrio), (12 bytes).
    Removing stm32h7xx_hal.o(i.HAL_GetUIDw0), (12 bytes).
    Removing stm32h7xx_hal.o(i.HAL_GetUIDw1), (12 bytes).
    Removing stm32h7xx_hal.o(i.HAL_GetUIDw2), (12 bytes).
    Removing stm32h7xx_hal.o(i.HAL_MspDeInit), (2 bytes).
    Removing stm32h7xx_hal.o(i.HAL_MspInit), (2 bytes).
    Removing stm32h7xx_hal.o(i.HAL_ResumeTick), (14 bytes).
    Removing stm32h7xx_hal.o(i.HAL_SYSCFG_AnalogSwitchConfig), (20 bytes).
    Removing stm32h7xx_hal.o(i.HAL_SYSCFG_CM4BootAddConfig), (36 bytes).
    Removing stm32h7xx_hal.o(i.HAL_SYSCFG_CM7BootAddConfig), (36 bytes).
    Removing stm32h7xx_hal.o(i.HAL_SYSCFG_CompensationCodeConfig), (24 bytes).
    Removing stm32h7xx_hal.o(i.HAL_SYSCFG_CompensationCodeSelect), (20 bytes).
    Removing stm32h7xx_hal.o(i.HAL_SYSCFG_DisableBOOST), (16 bytes).
    Removing stm32h7xx_hal.o(i.HAL_SYSCFG_DisableCM4BOOT), (16 bytes).
    Removing stm32h7xx_hal.o(i.HAL_SYSCFG_DisableCM7BOOT), (16 bytes).
    Removing stm32h7xx_hal.o(i.HAL_SYSCFG_DisableIOSpeedOptimize), (16 bytes).
    Removing stm32h7xx_hal.o(i.HAL_SYSCFG_DisableVREFBUF), (16 bytes).
    Removing stm32h7xx_hal.o(i.HAL_SYSCFG_ETHInterfaceSelect), (20 bytes).
    Removing stm32h7xx_hal.o(i.HAL_SYSCFG_EnableBOOST), (16 bytes).
    Removing stm32h7xx_hal.o(i.HAL_SYSCFG_EnableCM4BOOT), (16 bytes).
    Removing stm32h7xx_hal.o(i.HAL_SYSCFG_EnableCM7BOOT), (16 bytes).
    Removing stm32h7xx_hal.o(i.HAL_SYSCFG_EnableIOSpeedOptimize), (16 bytes).
    Removing stm32h7xx_hal.o(i.HAL_SYSCFG_EnableVREFBUF), (60 bytes).
    Removing stm32h7xx_hal.o(i.HAL_SYSCFG_VREFBUF_HighImpedanceConfig), (20 bytes).
    Removing stm32h7xx_hal.o(i.HAL_SYSCFG_VREFBUF_TrimmingConfig), (20 bytes).
    Removing stm32h7xx_hal.o(i.HAL_SYSCFG_VREFBUF_VoltageScalingConfig), (20 bytes).
    Removing stm32h7xx_hal.o(i.HAL_SetFMCMemorySwappingConfig), (20 bytes).
    Removing stm32h7xx_hal.o(i.HAL_SetTickFreq), (36 bytes).
    Removing stm32h7xx_hal.o(i.HAL_SuspendTick), (14 bytes).
    Removing stm32h7xx_hal_i2c.o(.rev16_text), (4 bytes).
    Removing stm32h7xx_hal_i2c.o(.revsh_text), (4 bytes).
    Removing stm32h7xx_hal_i2c.o(.rrx_text), (6 bytes).
    Removing stm32h7xx_hal_i2c.o(i.HAL_I2C_AbortCpltCallback), (2 bytes).
    Removing stm32h7xx_hal_i2c.o(i.HAL_I2C_AddrCallback), (2 bytes).
    Removing stm32h7xx_hal_i2c.o(i.HAL_I2C_DeInit), (54 bytes).
    Removing stm32h7xx_hal_i2c.o(i.HAL_I2C_DisableListen_IT), (56 bytes).
    Removing stm32h7xx_hal_i2c.o(i.HAL_I2C_ER_IRQHandler), (112 bytes).
    Removing stm32h7xx_hal_i2c.o(i.HAL_I2C_EV_IRQHandler), (16 bytes).
    Removing stm32h7xx_hal_i2c.o(i.HAL_I2C_EnableListen_IT), (40 bytes).
    Removing stm32h7xx_hal_i2c.o(i.HAL_I2C_ErrorCallback), (2 bytes).
    Removing stm32h7xx_hal_i2c.o(i.HAL_I2C_GetError), (4 bytes).
    Removing stm32h7xx_hal_i2c.o(i.HAL_I2C_GetMode), (6 bytes).
    Removing stm32h7xx_hal_i2c.o(i.HAL_I2C_GetState), (6 bytes).
    Removing stm32h7xx_hal_i2c.o(i.HAL_I2C_Init), (176 bytes).
    Removing stm32h7xx_hal_i2c.o(i.HAL_I2C_IsDeviceReady), (320 bytes).
    Removing stm32h7xx_hal_i2c.o(i.HAL_I2C_ListenCpltCallback), (2 bytes).
    Removing stm32h7xx_hal_i2c.o(i.HAL_I2C_MasterRxCpltCallback), (2 bytes).
    Removing stm32h7xx_hal_i2c.o(i.HAL_I2C_MasterTxCpltCallback), (2 bytes).
    Removing stm32h7xx_hal_i2c.o(i.HAL_I2C_Master_Abort_IT), (132 bytes).
    Removing stm32h7xx_hal_i2c.o(i.HAL_I2C_Master_Receive), (524 bytes).
    Removing stm32h7xx_hal_i2c.o(i.HAL_I2C_Master_Receive_DMA), (340 bytes).
    Removing stm32h7xx_hal_i2c.o(i.HAL_I2C_Master_Receive_IT), (156 bytes).
    Removing stm32h7xx_hal_i2c.o(i.HAL_I2C_Master_Seq_Receive_DMA), (396 bytes).
    Removing stm32h7xx_hal_i2c.o(i.HAL_I2C_Master_Seq_Receive_IT), (208 bytes).
    Removing stm32h7xx_hal_i2c.o(i.HAL_I2C_Master_Seq_Transmit_DMA), (392 bytes).
    Removing stm32h7xx_hal_i2c.o(i.HAL_I2C_Master_Seq_Transmit_IT), (208 bytes).
    Removing stm32h7xx_hal_i2c.o(i.HAL_I2C_Master_Transmit), (448 bytes).
    Removing stm32h7xx_hal_i2c.o(i.HAL_I2C_Master_Transmit_DMA), (340 bytes).
    Removing stm32h7xx_hal_i2c.o(i.HAL_I2C_Master_Transmit_IT), (156 bytes).
    Removing stm32h7xx_hal_i2c.o(i.HAL_I2C_MemRxCpltCallback), (2 bytes).
    Removing stm32h7xx_hal_i2c.o(i.HAL_I2C_MemTxCpltCallback), (2 bytes).
    Removing stm32h7xx_hal_i2c.o(i.HAL_I2C_Mem_Read), (436 bytes).
    Removing stm32h7xx_hal_i2c.o(i.HAL_I2C_Mem_Read_DMA), (360 bytes).
    Removing stm32h7xx_hal_i2c.o(i.HAL_I2C_Mem_Read_IT), (232 bytes).
    Removing stm32h7xx_hal_i2c.o(i.HAL_I2C_Mem_Write), (476 bytes).
    Removing stm32h7xx_hal_i2c.o(i.HAL_I2C_Mem_Write_DMA), (352 bytes).
    Removing stm32h7xx_hal_i2c.o(i.HAL_I2C_Mem_Write_IT), (228 bytes).
    Removing stm32h7xx_hal_i2c.o(i.HAL_I2C_MspDeInit), (2 bytes).
    Removing stm32h7xx_hal_i2c.o(i.HAL_I2C_MspInit), (2 bytes).
    Removing stm32h7xx_hal_i2c.o(i.HAL_I2C_SlaveRxCpltCallback), (2 bytes).
    Removing stm32h7xx_hal_i2c.o(i.HAL_I2C_SlaveTxCpltCallback), (2 bytes).
    Removing stm32h7xx_hal_i2c.o(i.HAL_I2C_Slave_Receive), (464 bytes).
    Removing stm32h7xx_hal_i2c.o(i.HAL_I2C_Slave_Receive_DMA), (224 bytes).
    Removing stm32h7xx_hal_i2c.o(i.HAL_I2C_Slave_Receive_IT), (100 bytes).
    Removing stm32h7xx_hal_i2c.o(i.HAL_I2C_Slave_Seq_Receive_DMA), (392 bytes).
    Removing stm32h7xx_hal_i2c.o(i.HAL_I2C_Slave_Seq_Receive_IT), (220 bytes).
    Removing stm32h7xx_hal_i2c.o(i.HAL_I2C_Slave_Seq_Transmit_DMA), (392 bytes).
    Removing stm32h7xx_hal_i2c.o(i.HAL_I2C_Slave_Seq_Transmit_IT), (220 bytes).
    Removing stm32h7xx_hal_i2c.o(i.HAL_I2C_Slave_Transmit), (428 bytes).
    Removing stm32h7xx_hal_i2c.o(i.HAL_I2C_Slave_Transmit_DMA), (220 bytes).
    Removing stm32h7xx_hal_i2c.o(i.HAL_I2C_Slave_Transmit_IT), (100 bytes).
    Removing stm32h7xx_hal_i2c.o(i.I2C_DMAAbort), (60 bytes).
    Removing stm32h7xx_hal_i2c.o(i.I2C_DMAError), (340 bytes).
    Removing stm32h7xx_hal_i2c.o(i.I2C_DMAMasterReceiveCplt), (90 bytes).
    Removing stm32h7xx_hal_i2c.o(i.I2C_DMAMasterTransmitCplt), (90 bytes).
    Removing stm32h7xx_hal_i2c.o(i.I2C_DMASlaveReceiveCplt), (196 bytes).
    Removing stm32h7xx_hal_i2c.o(i.I2C_DMASlaveTransmitCplt), (28 bytes).
    Removing stm32h7xx_hal_i2c.o(i.I2C_Disable_IRQ), (98 bytes).
    Removing stm32h7xx_hal_i2c.o(i.I2C_Enable_IRQ), (112 bytes).
    Removing stm32h7xx_hal_i2c.o(i.I2C_ITError), (312 bytes).
    Removing stm32h7xx_hal_i2c.o(i.I2C_ITMasterCplt), (268 bytes).
    Removing stm32h7xx_hal_i2c.o(i.I2C_ITSlaveCplt), (652 bytes).
    Removing stm32h7xx_hal_i2c.o(i.I2C_ITSlaveSeqCplt), (124 bytes).
    Removing stm32h7xx_hal_i2c.o(i.I2C_IsErrorOccurred), (332 bytes).
    Removing stm32h7xx_hal_i2c.o(i.I2C_Master_ISR_DMA), (412 bytes).
    Removing stm32h7xx_hal_i2c.o(i.I2C_Master_ISR_IT), (496 bytes).
    Removing stm32h7xx_hal_i2c.o(i.I2C_RequestMemoryRead), (120 bytes).
    Removing stm32h7xx_hal_i2c.o(i.I2C_RequestMemoryWrite), (124 bytes).
    Removing stm32h7xx_hal_i2c.o(i.I2C_Slave_ISR_DMA), (784 bytes).
    Removing stm32h7xx_hal_i2c.o(i.I2C_Slave_ISR_IT), (576 bytes).
    Removing stm32h7xx_hal_i2c.o(i.I2C_WaitOnFlagUntilTimeout), (110 bytes).
    Removing stm32h7xx_hal_i2c.o(i.I2C_WaitOnSTOPFlagUntilTimeout), (88 bytes).
    Removing stm32h7xx_hal_i2c.o(i.I2C_WaitOnTXISFlagUntilTimeout), (94 bytes).
    Removing stm32h7xx_hal_i2c_ex.o(.rev16_text), (4 bytes).
    Removing stm32h7xx_hal_i2c_ex.o(.revsh_text), (4 bytes).
    Removing stm32h7xx_hal_i2c_ex.o(.rrx_text), (6 bytes).
    Removing stm32h7xx_hal_i2c_ex.o(i.HAL_I2CEx_ConfigAnalogFilter), (86 bytes).
    Removing stm32h7xx_hal_i2c_ex.o(i.HAL_I2CEx_ConfigDigitalFilter), (82 bytes).
    Removing stm32h7xx_hal_i2c_ex.o(i.HAL_I2CEx_DisableFastModePlus), (44 bytes).
    Removing stm32h7xx_hal_i2c_ex.o(i.HAL_I2CEx_DisableWakeUp), (78 bytes).
    Removing stm32h7xx_hal_i2c_ex.o(i.HAL_I2CEx_EnableFastModePlus), (40 bytes).
    Removing stm32h7xx_hal_i2c_ex.o(i.HAL_I2CEx_EnableWakeUp), (78 bytes).
    Removing stm32h7xx_hal_exti.o(.rev16_text), (4 bytes).
    Removing stm32h7xx_hal_exti.o(.revsh_text), (4 bytes).
    Removing stm32h7xx_hal_exti.o(.rrx_text), (6 bytes).
    Removing stm32h7xx_hal_exti.o(i.HAL_EXTI_ClearConfigLine), (300 bytes).
    Removing stm32h7xx_hal_exti.o(i.HAL_EXTI_ClearPending), (48 bytes).
    Removing stm32h7xx_hal_exti.o(i.HAL_EXTI_GenerateSWI), (32 bytes).
    Removing stm32h7xx_hal_exti.o(i.HAL_EXTI_GetConfigLine), (308 bytes).
    Removing stm32h7xx_hal_exti.o(i.HAL_EXTI_GetHandle), (12 bytes).
    Removing stm32h7xx_hal_exti.o(i.HAL_EXTI_GetPending), (52 bytes).
    Removing stm32h7xx_hal_exti.o(i.HAL_EXTI_IRQHandler), (68 bytes).
    Removing stm32h7xx_hal_exti.o(i.HAL_EXTI_RegisterCallback), (22 bytes).
    Removing stm32h7xx_hal_exti.o(i.HAL_EXTI_SetConfigLine), (396 bytes).
    Removing system_stm32h7xx_dualcore_boot_cm4_cm7.o(.rev16_text), (4 bytes).
    Removing system_stm32h7xx_dualcore_boot_cm4_cm7.o(.revsh_text), (4 bytes).
    Removing system_stm32h7xx_dualcore_boot_cm4_cm7.o(.rrx_text), (6 bytes).
    Removing system_stm32h7xx_dualcore_boot_cm4_cm7.o(i.SystemCoreClockUpdate), (400 bytes).

462 unused section(s) (total 56120 bytes) removed from the image.

==============================================================================

Adding Veneers to the image

    Adding TT veneer (10 bytes, Long) for call to 'main' from __rtentry2.o(.ARM.Collect$$rtentry$$0000000D).
    Adding TT veneer (10 bytes, Long) for call to 'HAL_GPIO_EXTI_Callback' from stm32h7xx_hal_gpio.o(i.HAL_GPIO_EXTI_IRQHandler).
    Adding TT veneer (10 bytes, Long) for call to '__aeabi_memclr4' from main.o(i.SystemClock_Config).
    Adding TT veneer (10 bytes, Long) for call to 'HAL_PWREx_ConfigSupply' from main.o(i.SystemClock_Config).
    Adding TT veneer (10 bytes, Long) for call to 'HAL_RCC_OscConfig' from main.o(i.SystemClock_Config).
    Adding TT veneer (10 bytes, Long) for call to 'HAL_RCC_ClockConfig' from main.o(i.SystemClock_Config).
    Adding TT veneer (10 bytes, Long) for call to '__aeabi_memset' from flash_if.o(i._FLASH_ProgramTest).
    Adding TT veneer (10 bytes, Long) for call to 'HAL_Init' from main.o(i.main).
    Adding TT veneer (10 bytes, Long) for call to 'HAL_GPIO_WritePin' from main.o(i.main).
    Adding TT veneer (10 bytes, Long) for call to 'HAL_GPIO_Init' from main.o(i.main).
    Adding TT veneer (10 bytes, Long) for call to 'HAL_NVIC_SetPriority' from main.o(i.main).
    Adding TT veneer (10 bytes, Long) for call to 'HAL_NVIC_EnableIRQ' from main.o(i.main).
    Adding TT veneer (10 bytes, Long) for call to 'HAL_Delay' from main.o(i.main).
    Adding TT veneer (10 bytes, Long) for call to 'HAL_GPIO_TogglePin' from main.o(i.main).

14 Veneer(s) (total 140 bytes) added to the image.

==============================================================================

Image Symbol Table

    Local Symbols

    Symbol Name                              Value     Ov Type        Size  Object(Section)

    ../CM4/Core/Src/main.c                   0x00000000   Number         0  main.o ABSOLUTE
    ../CM4/Core/Src/stm32h7xx_hal_msp.c      0x00000000   Number         0  stm32h7xx_hal_msp.o ABSOLUTE
    ../CM4/Core/Src/stm32h7xx_it.c           0x00000000   Number         0  stm32h7xx_it.o ABSOLUTE
    ../Common/Src/system_stm32h7xx_dualcore_boot_cm4_cm7.c 0x00000000   Number         0  system_stm32h7xx_dualcore_boot_cm4_cm7.o ABSOLUTE
    ../Drivers/STM32H7xx_HAL_Driver/Src/stm32h7xx_hal.c 0x00000000   Number         0  stm32h7xx_hal.o ABSOLUTE
    ../Drivers/STM32H7xx_HAL_Driver/Src/stm32h7xx_hal_cortex.c 0x00000000   Number         0  stm32h7xx_hal_cortex.o ABSOLUTE
    ../Drivers/STM32H7xx_HAL_Driver/Src/stm32h7xx_hal_dma.c 0x00000000   Number         0  stm32h7xx_hal_dma.o ABSOLUTE
    ../Drivers/STM32H7xx_HAL_Driver/Src/stm32h7xx_hal_dma_ex.c 0x00000000   Number         0  stm32h7xx_hal_dma_ex.o ABSOLUTE
    ../Drivers/STM32H7xx_HAL_Driver/Src/stm32h7xx_hal_exti.c 0x00000000   Number         0  stm32h7xx_hal_exti.o ABSOLUTE
    ../Drivers/STM32H7xx_HAL_Driver/Src/stm32h7xx_hal_flash.c 0x00000000   Number         0  stm32h7xx_hal_flash.o ABSOLUTE
    ../Drivers/STM32H7xx_HAL_Driver/Src/stm32h7xx_hal_flash_ex.c 0x00000000   Number         0  stm32h7xx_hal_flash_ex.o ABSOLUTE
    ../Drivers/STM32H7xx_HAL_Driver/Src/stm32h7xx_hal_gpio.c 0x00000000   Number         0  stm32h7xx_hal_gpio.o ABSOLUTE
    ../Drivers/STM32H7xx_HAL_Driver/Src/stm32h7xx_hal_hsem.c 0x00000000   Number         0  stm32h7xx_hal_hsem.o ABSOLUTE
    ../Drivers/STM32H7xx_HAL_Driver/Src/stm32h7xx_hal_i2c.c 0x00000000   Number         0  stm32h7xx_hal_i2c.o ABSOLUTE
    ../Drivers/STM32H7xx_HAL_Driver/Src/stm32h7xx_hal_i2c_ex.c 0x00000000   Number         0  stm32h7xx_hal_i2c_ex.o ABSOLUTE
    ../Drivers/STM32H7xx_HAL_Driver/Src/stm32h7xx_hal_mdma.c 0x00000000   Number         0  stm32h7xx_hal_mdma.o ABSOLUTE
    ../Drivers/STM32H7xx_HAL_Driver/Src/stm32h7xx_hal_pwr.c 0x00000000   Number         0  stm32h7xx_hal_pwr.o ABSOLUTE
    ../Drivers/STM32H7xx_HAL_Driver/Src/stm32h7xx_hal_pwr_ex.c 0x00000000   Number         0  stm32h7xx_hal_pwr_ex.o ABSOLUTE
    ../Drivers/STM32H7xx_HAL_Driver/Src/stm32h7xx_hal_rcc.c 0x00000000   Number         0  stm32h7xx_hal_rcc.o ABSOLUTE
    ../Drivers/STM32H7xx_HAL_Driver/Src/stm32h7xx_hal_rcc_ex.c 0x00000000   Number         0  stm32h7xx_hal_rcc_ex.o ABSOLUTE
    ../Drivers/STM32H7xx_HAL_Driver/Src/stm32h7xx_hal_tim.c 0x00000000   Number         0  stm32h7xx_hal_tim.o ABSOLUTE
    ../Drivers/STM32H7xx_HAL_Driver/Src/stm32h7xx_hal_tim_ex.c 0x00000000   Number         0  stm32h7xx_hal_tim_ex.o ABSOLUTE
    ../Drivers/STM32H7xx_HAL_Driver/Src/stm32h7xx_ll_exti.c 0x00000000   Number         0  stm32h7xx_ll_exti.o ABSOLUTE
    ../Drivers/STM32H7xx_HAL_Driver/Src/stm32h7xx_ll_rcc.c 0x00000000   Number         0  stm32h7xx_ll_rcc.o ABSOLUTE
    ../Drivers/STM32H7xx_HAL_Driver/Src/stm32h7xx_ll_utils.c 0x00000000   Number         0  stm32h7xx_ll_utils.o ABSOLUTE
    ../clib/angel/boardlib.s                 0x00000000   Number         0  boardinit1.o ABSOLUTE
    ../clib/angel/boardlib.s                 0x00000000   Number         0  boardshut.o ABSOLUTE
    ../clib/angel/boardlib.s                 0x00000000   Number         0  boardinit2.o ABSOLUTE
    ../clib/angel/boardlib.s                 0x00000000   Number         0  boardinit3.o ABSOLUTE
    ../clib/angel/dclz77c.s                  0x00000000   Number         0  __dclz77c.o ABSOLUTE
    ../clib/angel/handlers.s                 0x00000000   Number         0  __scatter_zi.o ABSOLUTE
    ../clib/angel/handlers.s                 0x00000000   Number         0  __scatter_copy.o ABSOLUTE
    ../clib/angel/kernel.s                   0x00000000   Number         0  rtexit2.o ABSOLUTE
    ../clib/angel/kernel.s                   0x00000000   Number         0  rtexit.o ABSOLUTE
    ../clib/angel/kernel.s                   0x00000000   Number         0  __rtentry2.o ABSOLUTE
    ../clib/angel/kernel.s                   0x00000000   Number         0  __rtentry.o ABSOLUTE
    ../clib/angel/kernel.s                   0x00000000   Number         0  __rtentry4.o ABSOLUTE
    ../clib/angel/rt.s                       0x00000000   Number         0  rt_raise.o ABSOLUTE
    ../clib/angel/scatter.s                  0x00000000   Number         0  __scatter.o ABSOLUTE
    ../clib/angel/startup.s                  0x00000000   Number         0  __main.o ABSOLUTE
    ../clib/angel/sys.s                      0x00000000   Number         0  indicate_semi.o ABSOLUTE
    ../clib/angel/sys.s                      0x00000000   Number         0  use_no_semi.o ABSOLUTE
    ../clib/angel/sys.s                      0x00000000   Number         0  libspace.o ABSOLUTE
    ../clib/angel/sys.s                      0x00000000   Number         0  sys_stackheap_outer.o ABSOLUTE
    ../clib/angel/sysapp.c                   0x00000000   Number         0  sys_exit.o ABSOLUTE
    ../clib/angel/sysapp.c                   0x00000000   Number         0  sys_command.o ABSOLUTE
    ../clib/angel/sysapp.c                   0x00000000   Number         0  sys_wrch.o ABSOLUTE
    ../clib/armsys.c                         0x00000000   Number         0  argv_veneer.o ABSOLUTE
    ../clib/armsys.c                         0x00000000   Number         0  argv_veneer.o ABSOLUTE
    ../clib/armsys.c                         0x00000000   Number         0  _get_argv_nomalloc.o ABSOLUTE
    ../clib/armsys.c                         0x00000000   Number         0  no_argv.o ABSOLUTE
    ../clib/heapalloc.c                      0x00000000   Number         0  hrguard.o ABSOLUTE
    ../clib/heapaux.c                        0x00000000   Number         0  heapauxi.o ABSOLUTE
    ../clib/libinit.s                        0x00000000   Number         0  libshutdown2.o ABSOLUTE
    ../clib/libinit.s                        0x00000000   Number         0  libinit.o ABSOLUTE
    ../clib/libinit.s                        0x00000000   Number         0  libinit2.o ABSOLUTE
    ../clib/libinit.s                        0x00000000   Number         0  libshutdown.o ABSOLUTE
    ../clib/memcpset.s                       0x00000000   Number         0  rt_memclr_w.o ABSOLUTE
    ../clib/memcpset.s                       0x00000000   Number         0  aeabi_memset.o ABSOLUTE
    ../clib/memcpset.s                       0x00000000   Number         0  rt_memclr.o ABSOLUTE
    ../clib/signal.c                         0x00000000   Number         0  defsig_abrt_inner.o ABSOLUTE
    ../clib/signal.c                         0x00000000   Number         0  defsig_general.o ABSOLUTE
    ../clib/signal.c                         0x00000000   Number         0  __raise.o ABSOLUTE
    ../clib/signal.c                         0x00000000   Number         0  defsig_exit.o ABSOLUTE
    ../clib/signal.c                         0x00000000   Number         0  defsig_rtmem_formal.o ABSOLUTE
    ../clib/signal.c                         0x00000000   Number         0  defsig_rtmem_outer.o ABSOLUTE
    ../clib/signal.c                         0x00000000   Number         0  defsig_rtmem_inner.o ABSOLUTE
    ../clib/signal.c                         0x00000000   Number         0  defsig_segv_inner.o ABSOLUTE
    ../clib/signal.c                         0x00000000   Number         0  defsig_other.o ABSOLUTE
    ../clib/signal.c                         0x00000000   Number         0  defsig_cppl_inner.o ABSOLUTE
    ../clib/signal.c                         0x00000000   Number         0  defsig_pvfn_inner.o ABSOLUTE
    ../clib/signal.c                         0x00000000   Number         0  defsig_stak_inner.o ABSOLUTE
    ../clib/signal.c                         0x00000000   Number         0  defsig_rtred_inner.o ABSOLUTE
    ../clib/signal.c                         0x00000000   Number         0  defsig_fpe_inner.o ABSOLUTE
    ../clib/signal.s                         0x00000000   Number         0  defsig.o ABSOLUTE
    ../clib/stdlib.c                         0x00000000   Number         0  exit.o ABSOLUTE
    ../fplib/fpinit.s                        0x00000000   Number         0  fpinit.o ABSOLUTE
    ..\CM4\Core\Src\flash_if.c               0x00000000   Number         0  flash_if.o ABSOLUTE
    ..\CM4\Core\Src\main.c                   0x00000000   Number         0  main.o ABSOLUTE
    ..\CM4\Core\Src\stm32h7xx_hal_msp.c      0x00000000   Number         0  stm32h7xx_hal_msp.o ABSOLUTE
    ..\CM4\Core\Src\stm32h7xx_it.c           0x00000000   Number         0  stm32h7xx_it.o ABSOLUTE
    ..\Common\Src\system_stm32h7xx_dualcore_boot_cm4_cm7.c 0x00000000   Number         0  system_stm32h7xx_dualcore_boot_cm4_cm7.o ABSOLUTE
    ..\Drivers\STM32H7xx_HAL_Driver\Src\stm32h7xx_hal.c 0x00000000   Number         0  stm32h7xx_hal.o ABSOLUTE
    ..\Drivers\STM32H7xx_HAL_Driver\Src\stm32h7xx_hal_cortex.c 0x00000000   Number         0  stm32h7xx_hal_cortex.o ABSOLUTE
    ..\Drivers\STM32H7xx_HAL_Driver\Src\stm32h7xx_hal_dma.c 0x00000000   Number         0  stm32h7xx_hal_dma.o ABSOLUTE
    ..\Drivers\STM32H7xx_HAL_Driver\Src\stm32h7xx_hal_dma_ex.c 0x00000000   Number         0  stm32h7xx_hal_dma_ex.o ABSOLUTE
    ..\Drivers\STM32H7xx_HAL_Driver\Src\stm32h7xx_hal_exti.c 0x00000000   Number         0  stm32h7xx_hal_exti.o ABSOLUTE
    ..\Drivers\STM32H7xx_HAL_Driver\Src\stm32h7xx_hal_flash.c 0x00000000   Number         0  stm32h7xx_hal_flash.o ABSOLUTE
    ..\Drivers\STM32H7xx_HAL_Driver\Src\stm32h7xx_hal_flash_ex.c 0x00000000   Number         0  stm32h7xx_hal_flash_ex.o ABSOLUTE
    ..\Drivers\STM32H7xx_HAL_Driver\Src\stm32h7xx_hal_gpio.c 0x00000000   Number         0  stm32h7xx_hal_gpio.o ABSOLUTE
    ..\Drivers\STM32H7xx_HAL_Driver\Src\stm32h7xx_hal_hsem.c 0x00000000   Number         0  stm32h7xx_hal_hsem.o ABSOLUTE
    ..\Drivers\STM32H7xx_HAL_Driver\Src\stm32h7xx_hal_i2c.c 0x00000000   Number         0  stm32h7xx_hal_i2c.o ABSOLUTE
    ..\Drivers\STM32H7xx_HAL_Driver\Src\stm32h7xx_hal_i2c_ex.c 0x00000000   Number         0  stm32h7xx_hal_i2c_ex.o ABSOLUTE
    ..\Drivers\STM32H7xx_HAL_Driver\Src\stm32h7xx_hal_mdma.c 0x00000000   Number         0  stm32h7xx_hal_mdma.o ABSOLUTE
    ..\Drivers\STM32H7xx_HAL_Driver\Src\stm32h7xx_hal_pwr.c 0x00000000   Number         0  stm32h7xx_hal_pwr.o ABSOLUTE
    ..\Drivers\STM32H7xx_HAL_Driver\Src\stm32h7xx_hal_pwr_ex.c 0x00000000   Number         0  stm32h7xx_hal_pwr_ex.o ABSOLUTE
    ..\Drivers\STM32H7xx_HAL_Driver\Src\stm32h7xx_hal_rcc.c 0x00000000   Number         0  stm32h7xx_hal_rcc.o ABSOLUTE
    ..\Drivers\STM32H7xx_HAL_Driver\Src\stm32h7xx_hal_rcc_ex.c 0x00000000   Number         0  stm32h7xx_hal_rcc_ex.o ABSOLUTE
    ..\Drivers\STM32H7xx_HAL_Driver\Src\stm32h7xx_hal_tim.c 0x00000000   Number         0  stm32h7xx_hal_tim.o ABSOLUTE
    ..\Drivers\STM32H7xx_HAL_Driver\Src\stm32h7xx_hal_tim_ex.c 0x00000000   Number         0  stm32h7xx_hal_tim_ex.o ABSOLUTE
    ..\Drivers\STM32H7xx_HAL_Driver\Src\stm32h7xx_ll_exti.c 0x00000000   Number         0  stm32h7xx_ll_exti.o ABSOLUTE
    ..\Drivers\STM32H7xx_HAL_Driver\Src\stm32h7xx_ll_rcc.c 0x00000000   Number         0  stm32h7xx_ll_rcc.o ABSOLUTE
    ..\Drivers\STM32H7xx_HAL_Driver\Src\stm32h7xx_ll_utils.c 0x00000000   Number         0  stm32h7xx_ll_utils.o ABSOLUTE
    ..\\CM4\\Core\\Src\\flash_if.c           0x00000000   Number         0  flash_if.o ABSOLUTE
    dc.s                                     0x00000000   Number         0  dc.o ABSOLUTE
    startup_stm32h745xx_CM4.s                0x00000000   Number         0  startup_stm32h745xx_cm4.o ABSOLUTE
    RESET                                    0x08100000   Section      664  startup_stm32h745xx_cm4.o(RESET)
    !!!main                                  0x08100298   Section        8  __main.o(!!!main)
    !!!scatter                               0x081002a0   Section       52  __scatter.o(!!!scatter)
    !!dclz77c                                0x081002d4   Section      100  __dclz77c.o(!!dclz77c)
    !!handler_copy                           0x08100338   Section       26  __scatter_copy.o(!!handler_copy)
    !!handler_zi                             0x08100354   Section       28  __scatter_zi.o(!!handler_zi)
    .ARM.Collect$$libinit$$00000000          0x08100370   Section        2  libinit.o(.ARM.Collect$$libinit$$00000000)
    .ARM.Collect$$libinit$$00000001          0x08100372   Section        4  libinit2.o(.ARM.Collect$$libinit$$00000001)
    .ARM.Collect$$libinit$$00000004          0x08100376   Section        0  libinit2.o(.ARM.Collect$$libinit$$00000004)
    .ARM.Collect$$libinit$$0000000A          0x08100376   Section        0  libinit2.o(.ARM.Collect$$libinit$$0000000A)
    .ARM.Collect$$libinit$$0000000C          0x08100376   Section        0  libinit2.o(.ARM.Collect$$libinit$$0000000C)
    .ARM.Collect$$libinit$$0000000E          0x08100376   Section        0  libinit2.o(.ARM.Collect$$libinit$$0000000E)
    .ARM.Collect$$libinit$$00000011          0x08100376   Section        0  libinit2.o(.ARM.Collect$$libinit$$00000011)
    .ARM.Collect$$libinit$$00000013          0x08100376   Section        0  libinit2.o(.ARM.Collect$$libinit$$00000013)
    .ARM.Collect$$libinit$$00000015          0x08100376   Section        0  libinit2.o(.ARM.Collect$$libinit$$00000015)
    .ARM.Collect$$libinit$$00000017          0x08100376   Section        0  libinit2.o(.ARM.Collect$$libinit$$00000017)
    .ARM.Collect$$libinit$$00000019          0x08100376   Section        0  libinit2.o(.ARM.Collect$$libinit$$00000019)
    .ARM.Collect$$libinit$$0000001B          0x08100376   Section        0  libinit2.o(.ARM.Collect$$libinit$$0000001B)
    .ARM.Collect$$libinit$$0000001D          0x08100376   Section        0  libinit2.o(.ARM.Collect$$libinit$$0000001D)
    .ARM.Collect$$libinit$$0000001F          0x08100376   Section        0  libinit2.o(.ARM.Collect$$libinit$$0000001F)
    .ARM.Collect$$libinit$$00000021          0x08100376   Section        0  libinit2.o(.ARM.Collect$$libinit$$00000021)
    .ARM.Collect$$libinit$$00000023          0x08100376   Section        0  libinit2.o(.ARM.Collect$$libinit$$00000023)
    .ARM.Collect$$libinit$$00000025          0x08100376   Section        0  libinit2.o(.ARM.Collect$$libinit$$00000025)
    .ARM.Collect$$libinit$$0000002C          0x08100376   Section        0  libinit2.o(.ARM.Collect$$libinit$$0000002C)
    .ARM.Collect$$libinit$$0000002E          0x08100376   Section        0  libinit2.o(.ARM.Collect$$libinit$$0000002E)
    .ARM.Collect$$libinit$$00000030          0x08100376   Section        0  libinit2.o(.ARM.Collect$$libinit$$00000030)
    .ARM.Collect$$libinit$$00000032          0x08100376   Section        0  libinit2.o(.ARM.Collect$$libinit$$00000032)
    .ARM.Collect$$libinit$$00000033          0x08100376   Section        2  libinit2.o(.ARM.Collect$$libinit$$00000033)
    .ARM.Collect$$libshutdown$$00000000      0x08100378   Section        2  libshutdown.o(.ARM.Collect$$libshutdown$$00000000)
    .ARM.Collect$$libshutdown$$00000003      0x0810037a   Section        0  libshutdown2.o(.ARM.Collect$$libshutdown$$00000003)
    .ARM.Collect$$libshutdown$$00000006      0x0810037a   Section        0  libshutdown2.o(.ARM.Collect$$libshutdown$$00000006)
    .ARM.Collect$$libshutdown$$00000009      0x0810037a   Section        0  libshutdown2.o(.ARM.Collect$$libshutdown$$00000009)
    .ARM.Collect$$libshutdown$$0000000B      0x0810037a   Section        0  libshutdown2.o(.ARM.Collect$$libshutdown$$0000000B)
    .ARM.Collect$$libshutdown$$0000000E      0x0810037a   Section        0  libshutdown2.o(.ARM.Collect$$libshutdown$$0000000E)
    .ARM.Collect$$libshutdown$$0000000F      0x0810037a   Section        2  libshutdown2.o(.ARM.Collect$$libshutdown$$0000000F)
    .ARM.Collect$$rtentry$$00000000          0x0810037c   Section        0  __rtentry.o(.ARM.Collect$$rtentry$$00000000)
    .ARM.Collect$$rtentry$$00000002          0x0810037c   Section        0  __rtentry2.o(.ARM.Collect$$rtentry$$00000002)
    .ARM.Collect$$rtentry$$00000004          0x0810037c   Section        6  __rtentry4.o(.ARM.Collect$$rtentry$$00000004)
    .ARM.Collect$$rtentry$$00000009          0x08100382   Section        0  __rtentry2.o(.ARM.Collect$$rtentry$$00000009)
    .ARM.Collect$$rtentry$$0000000A          0x08100382   Section        4  __rtentry2.o(.ARM.Collect$$rtentry$$0000000A)
    .ARM.Collect$$rtentry$$0000000C          0x08100386   Section        0  __rtentry2.o(.ARM.Collect$$rtentry$$0000000C)
    .ARM.Collect$$rtentry$$0000000D          0x08100386   Section        8  __rtentry2.o(.ARM.Collect$$rtentry$$0000000D)
    .ARM.Collect$$rtexit$$00000000           0x0810038e   Section        2  rtexit.o(.ARM.Collect$$rtexit$$00000000)
    .ARM.Collect$$rtexit$$00000002           0x08100390   Section        0  rtexit2.o(.ARM.Collect$$rtexit$$00000002)
    .ARM.Collect$$rtexit$$00000003           0x08100390   Section        4  rtexit2.o(.ARM.Collect$$rtexit$$00000003)
    .ARM.Collect$$rtexit$$00000004           0x08100394   Section        6  rtexit2.o(.ARM.Collect$$rtexit$$00000004)
    .text                                    0x0810039c   Section       64  startup_stm32h745xx_cm4.o(.text)
    $v0                                      0x0810039c   Number         0  startup_stm32h745xx_cm4.o(.text)
    .text                                    0x081003dc   Section       16  aeabi_memset.o(.text)
    .text                                    0x081003ec   Section       78  rt_memclr_w.o(.text)
    .text                                    0x0810043a   Section        0  heapauxi.o(.text)
    .text                                    0x08100440   Section       68  rt_memclr.o(.text)
    .text                                    0x08100484   Section       74  sys_stackheap_outer.o(.text)
    .text                                    0x081004ce   Section        0  exit.o(.text)
    .text                                    0x081004dc   Section        8  libspace.o(.text)
    .text                                    0x081004e4   Section        0  sys_exit.o(.text)
    .text                                    0x081004f0   Section        2  use_no_semi.o(.text)
    .text                                    0x081004f2   Section        0  indicate_semi.o(.text)
    i.BusFault_Handler                       0x08100506   Section        0  stm32h7xx_it.o(i.BusFault_Handler)
    i.DebugMon_Handler                       0x08100508   Section        0  stm32h7xx_it.o(i.DebugMon_Handler)
    i.EXTI15_10_IRQHandler                   0x0810050a   Section        0  stm32h7xx_it.o(i.EXTI15_10_IRQHandler)
    i.HAL_Delay                              0x08100514   Section        0  stm32h7xx_hal.o(i.HAL_Delay)
    i.HAL_GPIO_EXTI_IRQHandler               0x0810053c   Section        0  stm32h7xx_hal_gpio.o(i.HAL_GPIO_EXTI_IRQHandler)
    i.HAL_GPIO_Init                          0x08100558   Section        0  stm32h7xx_hal_gpio.o(i.HAL_GPIO_Init)
    i.HAL_GPIO_TogglePin                     0x08100770   Section        0  stm32h7xx_hal_gpio.o(i.HAL_GPIO_TogglePin)
    i.HAL_GPIO_WritePin                      0x08100780   Section        0  stm32h7xx_hal_gpio.o(i.HAL_GPIO_WritePin)
    i.HAL_GetREVID                           0x0810078c   Section        0  stm32h7xx_hal.o(i.HAL_GetREVID)
    i.HAL_GetTick                            0x08100798   Section        0  stm32h7xx_hal.o(i.HAL_GetTick)
    i.HAL_IncTick                            0x081007a4   Section        0  stm32h7xx_hal.o(i.HAL_IncTick)
    i.HAL_Init                               0x081007b4   Section        0  stm32h7xx_hal.o(i.HAL_Init)
    i.HAL_InitTick                           0x08100840   Section        0  stm32h7xx_hal.o(i.HAL_InitTick)
    i.HAL_MspInit                            0x08100880   Section        0  stm32h7xx_hal_msp.o(i.HAL_MspInit)
    i.HAL_NVIC_EnableIRQ                     0x0810089c   Section        0  stm32h7xx_hal_cortex.o(i.HAL_NVIC_EnableIRQ)
    i.HAL_NVIC_SetPriority                   0x081008bc   Section        0  stm32h7xx_hal_cortex.o(i.HAL_NVIC_SetPriority)
    i.HAL_NVIC_SetPriorityGrouping           0x08100920   Section        0  stm32h7xx_hal_cortex.o(i.HAL_NVIC_SetPriorityGrouping)
    i.HAL_PWREx_ConfigSupply                 0x08100944   Section        0  stm32h7xx_hal_pwr_ex.o(i.HAL_PWREx_ConfigSupply)
    i.HAL_RCC_ClockConfig                    0x081009d8   Section        0  stm32h7xx_hal_rcc.o(i.HAL_RCC_ClockConfig)
    i.HAL_RCC_GetSysClockFreq                0x08100c68   Section        0  stm32h7xx_hal_rcc.o(i.HAL_RCC_GetSysClockFreq)
    i.HAL_RCC_OscConfig                      0x08100e10   Section        0  stm32h7xx_hal_rcc.o(i.HAL_RCC_OscConfig)
    i.HAL_SYSTICK_Config                     0x08101428   Section        0  stm32h7xx_hal_cortex.o(i.HAL_SYSTICK_Config)
    i.HardFault_Handler                      0x08101454   Section        0  stm32h7xx_it.o(i.HardFault_Handler)
    i.MemManage_Handler                      0x08101456   Section        0  stm32h7xx_it.o(i.MemManage_Handler)
    i.NMI_Handler                            0x08101458   Section        0  stm32h7xx_it.o(i.NMI_Handler)
    i.PendSV_Handler                         0x0810145a   Section        0  stm32h7xx_it.o(i.PendSV_Handler)
    i.SVC_Handler                            0x0810145c   Section        0  stm32h7xx_it.o(i.SVC_Handler)
    i.SysTick_Handler                        0x0810145e   Section        0  stm32h7xx_it.o(i.SysTick_Handler)
    i.SystemInit                             0x08101464   Section        0  system_stm32h7xx_dualcore_boot_cm4_cm7.o(i.SystemInit)
    i.UsageFault_Handler                     0x08101534   Section        0  stm32h7xx_it.o(i.UsageFault_Handler)
    x$fpl$fpinit                             0x08101536   Section       10  fpinit.o(x$fpl$fpinit)
    $v0                                      0x08101536   Number         0  fpinit.o(x$fpl$fpinit)
    .constdata                               0x08101540   Section       16  system_stm32h7xx_dualcore_boot_cm4_cm7.o(.constdata)
    i.Error_Handler                          0x10000078   Section        0  main.o(i.Error_Handler)
    i.GetSector                              0x1000007c   Section        0  main.o(i.GetSector)
    i.HAL_GPIO_EXTI_Callback                 0x10000168   Section        0  main.o(i.HAL_GPIO_EXTI_Callback)
    i.SystemClock_Config                     0x100002f0   Section        0  main.o(i.SystemClock_Config)
    i._FLASH_CRC_WaitForLastOperation        0x100003a0   Section        0  main.o(i._FLASH_CRC_WaitForLastOperation)
    i._FLASH_Lock                            0x10000408   Section        0  main.o(i._FLASH_Lock)
    i._FLASH_OB_Lock                         0x10000440   Section        0  main.o(i._FLASH_OB_Lock)
    i._FLASH_OB_Unlock                       0x10000460   Section        0  main.o(i._FLASH_OB_Unlock)
    i._FLASH_OB_WaitForLastOperation         0x10000490   Section        0  main.o(i._FLASH_OB_WaitForLastOperation)
    i._FLASH_OptionByteTest                  0x100004c8   Section        0  flash_if.o(i._FLASH_OptionByteTest)
    i._FLASH_ProgramTest                     0x10000598   Section        0  flash_if.o(i._FLASH_ProgramTest)
    i._FLASH_Unlock                          0x100006c8   Section        0  main.o(i._FLASH_Unlock)
    i._FLASH_WaitForLastOperation            0x10000714   Section        0  main.o(i._FLASH_WaitForLastOperation)
    i.main                                   0x100007ac   Section        0  main.o(i.main)
    .data                                    0x100008a8   Section      648  main.o(.data)
    .data                                    0x10000b30   Section        4  flash_if.o(.data)
    .data                                    0x10000b34   Section       12  stm32h7xx_hal.o(.data)
    .data                                    0x10000b40   Section        8  system_stm32h7xx_dualcore_boot_cm4_cm7.o(.data)
    .bss                                     0x10000b48   Section       96  libspace.o(.bss)
    HEAP                                     0x10000ba8   Section      512  startup_stm32h745xx_cm4.o(HEAP)
    Heap_Mem                                 0x10000ba8   Data         512  startup_stm32h745xx_cm4.o(HEAP)
    STACK                                    0x10000da8   Section     1024  startup_stm32h745xx_cm4.o(STACK)
    Stack_Mem                                0x10000da8   Data        1024  startup_stm32h745xx_cm4.o(STACK)
    __initial_sp                             0x100011a8   Data           0  startup_stm32h745xx_cm4.o(STACK)

    Global Symbols

    Symbol Name                              Value     Ov Type        Size  Object(Section)

    BuildAttributes$$THM_ISAv4$E$P$D$K$B$S$7EM$VFPi3$EXTD16$VFPS$VFMA$PE$A:L22UL41UL21$X:L11$S22US41US21$IEEE1$IW$USESV6$~STKCKD$USESV7$~SHL$OTIME$ROPI$EBA8$UX$STANDARDLIB$REQ8$PRES8$EABIv2 0x00000000   Number         0  anon$$obj.o ABSOLUTE
    __ARM_use_no_argv                        0x00000000   Number         0  main.o ABSOLUTE
    __ARM_exceptions_init                     - Undefined Weak Reference
    __alloca_initialize                       - Undefined Weak Reference
    __arm_preinit_                            - Undefined Weak Reference
    __cpp_initialize__aeabi_                  - Undefined Weak Reference
    __cxa_finalize                            - Undefined Weak Reference
    __rt_locale                               - Undefined Weak Reference
    __sigvec_lookup                           - Undefined Weak Reference
    _atexit_init                              - Undefined Weak Reference
    _call_atexit_fns                          - Undefined Weak Reference
    _clock_init                               - Undefined Weak Reference
    _fp_trap_init                             - Undefined Weak Reference
    _fp_trap_shutdown                         - Undefined Weak Reference
    _get_lc_collate                           - Undefined Weak Reference
    _get_lc_ctype                             - Undefined Weak Reference
    _get_lc_monetary                          - Undefined Weak Reference
    _get_lc_numeric                           - Undefined Weak Reference
    _get_lc_time                              - Undefined Weak Reference
    _getenv_init                              - Undefined Weak Reference
    _handle_redirection                       - Undefined Weak Reference
    _init_alloc                               - Undefined Weak Reference
    _init_user_alloc                          - Undefined Weak Reference
    _initio                                   - Undefined Weak Reference
    _rand_init                                - Undefined Weak Reference
    _signal_finish                            - Undefined Weak Reference
    _signal_init                              - Undefined Weak Reference
    _terminate_alloc                          - Undefined Weak Reference
    _terminate_user_alloc                     - Undefined Weak Reference
    _terminateio                              - Undefined Weak Reference
    __Vectors_Size                           0x00000298   Number         0  startup_stm32h745xx_cm4.o ABSOLUTE
    __Vectors                                0x08100000   Data           4  startup_stm32h745xx_cm4.o(RESET)
    __Vectors_End                            0x08100298   Data           0  startup_stm32h745xx_cm4.o(RESET)
    __main                                   0x08100299   Thumb Code     8  __main.o(!!!main)
    __scatterload                            0x081002a1   Thumb Code     0  __scatter.o(!!!scatter)
    __scatterload_rt2                        0x081002a1   Thumb Code    44  __scatter.o(!!!scatter)
    __scatterload_rt2_thumb_only             0x081002a1   Thumb Code     0  __scatter.o(!!!scatter)
    __scatterload_null                       0x081002af   Thumb Code     0  __scatter.o(!!!scatter)
    __decompress                             0x081002d5   Thumb Code   100  __dclz77c.o(!!dclz77c)
    __decompress2                            0x081002d5   Thumb Code     0  __dclz77c.o(!!dclz77c)
    __scatterload_copy                       0x08100339   Thumb Code    26  __scatter_copy.o(!!handler_copy)
    __scatterload_zeroinit                   0x08100355   Thumb Code    28  __scatter_zi.o(!!handler_zi)
    __rt_lib_init                            0x08100371   Thumb Code     0  libinit.o(.ARM.Collect$$libinit$$00000000)
    __rt_lib_init_fp_1                       0x08100373   Thumb Code     0  libinit2.o(.ARM.Collect$$libinit$$00000001)
    __rt_lib_init_alloca_1                   0x08100377   Thumb Code     0  libinit2.o(.ARM.Collect$$libinit$$0000002E)
    __rt_lib_init_argv_1                     0x08100377   Thumb Code     0  libinit2.o(.ARM.Collect$$libinit$$0000002C)
    __rt_lib_init_atexit_1                   0x08100377   Thumb Code     0  libinit2.o(.ARM.Collect$$libinit$$0000001B)
    __rt_lib_init_clock_1                    0x08100377   Thumb Code     0  libinit2.o(.ARM.Collect$$libinit$$00000021)
    __rt_lib_init_cpp_1                      0x08100377   Thumb Code     0  libinit2.o(.ARM.Collect$$libinit$$00000032)
    __rt_lib_init_exceptions_1               0x08100377   Thumb Code     0  libinit2.o(.ARM.Collect$$libinit$$00000030)
    __rt_lib_init_fp_trap_1                  0x08100377   Thumb Code     0  libinit2.o(.ARM.Collect$$libinit$$0000001F)
    __rt_lib_init_getenv_1                   0x08100377   Thumb Code     0  libinit2.o(.ARM.Collect$$libinit$$00000023)
    __rt_lib_init_heap_1                     0x08100377   Thumb Code     0  libinit2.o(.ARM.Collect$$libinit$$0000000A)
    __rt_lib_init_lc_collate_1               0x08100377   Thumb Code     0  libinit2.o(.ARM.Collect$$libinit$$00000011)
    __rt_lib_init_lc_ctype_1                 0x08100377   Thumb Code     0  libinit2.o(.ARM.Collect$$libinit$$00000013)
    __rt_lib_init_lc_monetary_1              0x08100377   Thumb Code     0  libinit2.o(.ARM.Collect$$libinit$$00000015)
    __rt_lib_init_lc_numeric_1               0x08100377   Thumb Code     0  libinit2.o(.ARM.Collect$$libinit$$00000017)
    __rt_lib_init_lc_time_1                  0x08100377   Thumb Code     0  libinit2.o(.ARM.Collect$$libinit$$00000019)
    __rt_lib_init_preinit_1                  0x08100377   Thumb Code     0  libinit2.o(.ARM.Collect$$libinit$$00000004)
    __rt_lib_init_rand_1                     0x08100377   Thumb Code     0  libinit2.o(.ARM.Collect$$libinit$$0000000E)
    __rt_lib_init_return                     0x08100377   Thumb Code     0  libinit2.o(.ARM.Collect$$libinit$$00000033)
    __rt_lib_init_signal_1                   0x08100377   Thumb Code     0  libinit2.o(.ARM.Collect$$libinit$$0000001D)
    __rt_lib_init_stdio_1                    0x08100377   Thumb Code     0  libinit2.o(.ARM.Collect$$libinit$$00000025)
    __rt_lib_init_user_alloc_1               0x08100377   Thumb Code     0  libinit2.o(.ARM.Collect$$libinit$$0000000C)
    __rt_lib_shutdown                        0x08100379   Thumb Code     0  libshutdown.o(.ARM.Collect$$libshutdown$$00000000)
    __rt_lib_shutdown_fp_trap_1              0x0810037b   Thumb Code     0  libshutdown2.o(.ARM.Collect$$libshutdown$$00000006)
    __rt_lib_shutdown_heap_1                 0x0810037b   Thumb Code     0  libshutdown2.o(.ARM.Collect$$libshutdown$$0000000E)
    __rt_lib_shutdown_return                 0x0810037b   Thumb Code     0  libshutdown2.o(.ARM.Collect$$libshutdown$$0000000F)
    __rt_lib_shutdown_signal_1               0x0810037b   Thumb Code     0  libshutdown2.o(.ARM.Collect$$libshutdown$$00000009)
    __rt_lib_shutdown_stdio_1                0x0810037b   Thumb Code     0  libshutdown2.o(.ARM.Collect$$libshutdown$$00000003)
    __rt_lib_shutdown_user_alloc_1           0x0810037b   Thumb Code     0  libshutdown2.o(.ARM.Collect$$libshutdown$$0000000B)
    __rt_entry                               0x0810037d   Thumb Code     0  __rtentry.o(.ARM.Collect$$rtentry$$00000000)
    __rt_entry_presh_1                       0x0810037d   Thumb Code     0  __rtentry2.o(.ARM.Collect$$rtentry$$00000002)
    __rt_entry_sh                            0x0810037d   Thumb Code     0  __rtentry4.o(.ARM.Collect$$rtentry$$00000004)
    __rt_entry_li                            0x08100383   Thumb Code     0  __rtentry2.o(.ARM.Collect$$rtentry$$0000000A)
    __rt_entry_postsh_1                      0x08100383   Thumb Code     0  __rtentry2.o(.ARM.Collect$$rtentry$$00000009)
    __rt_entry_main                          0x08100387   Thumb Code     0  __rtentry2.o(.ARM.Collect$$rtentry$$0000000D)
    __rt_entry_postli_1                      0x08100387   Thumb Code     0  __rtentry2.o(.ARM.Collect$$rtentry$$0000000C)
    __rt_exit                                0x0810038f   Thumb Code     0  rtexit.o(.ARM.Collect$$rtexit$$00000000)
    __rt_exit_ls                             0x08100391   Thumb Code     0  rtexit2.o(.ARM.Collect$$rtexit$$00000003)
    __rt_exit_prels_1                        0x08100391   Thumb Code     0  rtexit2.o(.ARM.Collect$$rtexit$$00000002)
    __rt_exit_exit                           0x08100395   Thumb Code     0  rtexit2.o(.ARM.Collect$$rtexit$$00000004)
    Reset_Handler                            0x0810039d   Thumb Code     8  startup_stm32h745xx_cm4.o(.text)
    ADC3_IRQHandler                          0x081003b7   Thumb Code     0  startup_stm32h745xx_cm4.o(.text)
    ADC_IRQHandler                           0x081003b7   Thumb Code     0  startup_stm32h745xx_cm4.o(.text)
    BDMA_Channel0_IRQHandler                 0x081003b7   Thumb Code     0  startup_stm32h745xx_cm4.o(.text)
    BDMA_Channel1_IRQHandler                 0x081003b7   Thumb Code     0  startup_stm32h745xx_cm4.o(.text)
    BDMA_Channel2_IRQHandler                 0x081003b7   Thumb Code     0  startup_stm32h745xx_cm4.o(.text)
    BDMA_Channel3_IRQHandler                 0x081003b7   Thumb Code     0  startup_stm32h745xx_cm4.o(.text)
    BDMA_Channel4_IRQHandler                 0x081003b7   Thumb Code     0  startup_stm32h745xx_cm4.o(.text)
    BDMA_Channel5_IRQHandler                 0x081003b7   Thumb Code     0  startup_stm32h745xx_cm4.o(.text)
    BDMA_Channel6_IRQHandler                 0x081003b7   Thumb Code     0  startup_stm32h745xx_cm4.o(.text)
    BDMA_Channel7_IRQHandler                 0x081003b7   Thumb Code     0  startup_stm32h745xx_cm4.o(.text)
    CEC_IRQHandler                           0x081003b7   Thumb Code     0  startup_stm32h745xx_cm4.o(.text)
    CM4_SEV_IRQHandler                       0x081003b7   Thumb Code     0  startup_stm32h745xx_cm4.o(.text)
    CM7_SEV_IRQHandler                       0x081003b7   Thumb Code     0  startup_stm32h745xx_cm4.o(.text)
    COMP1_IRQHandler                         0x081003b7   Thumb Code     0  startup_stm32h745xx_cm4.o(.text)
    CRS_IRQHandler                           0x081003b7   Thumb Code     0  startup_stm32h745xx_cm4.o(.text)
    DCMI_IRQHandler                          0x081003b7   Thumb Code     0  startup_stm32h745xx_cm4.o(.text)
    DFSDM1_FLT0_IRQHandler                   0x081003b7   Thumb Code     0  startup_stm32h745xx_cm4.o(.text)
    DFSDM1_FLT1_IRQHandler                   0x081003b7   Thumb Code     0  startup_stm32h745xx_cm4.o(.text)
    DFSDM1_FLT2_IRQHandler                   0x081003b7   Thumb Code     0  startup_stm32h745xx_cm4.o(.text)
    DFSDM1_FLT3_IRQHandler                   0x081003b7   Thumb Code     0  startup_stm32h745xx_cm4.o(.text)
    DMA1_Stream0_IRQHandler                  0x081003b7   Thumb Code     0  startup_stm32h745xx_cm4.o(.text)
    DMA1_Stream1_IRQHandler                  0x081003b7   Thumb Code     0  startup_stm32h745xx_cm4.o(.text)
    DMA1_Stream2_IRQHandler                  0x081003b7   Thumb Code     0  startup_stm32h745xx_cm4.o(.text)
    DMA1_Stream3_IRQHandler                  0x081003b7   Thumb Code     0  startup_stm32h745xx_cm4.o(.text)
    DMA1_Stream4_IRQHandler                  0x081003b7   Thumb Code     0  startup_stm32h745xx_cm4.o(.text)
    DMA1_Stream5_IRQHandler                  0x081003b7   Thumb Code     0  startup_stm32h745xx_cm4.o(.text)
    DMA1_Stream6_IRQHandler                  0x081003b7   Thumb Code     0  startup_stm32h745xx_cm4.o(.text)
    DMA1_Stream7_IRQHandler                  0x081003b7   Thumb Code     0  startup_stm32h745xx_cm4.o(.text)
    DMA2D_IRQHandler                         0x081003b7   Thumb Code     0  startup_stm32h745xx_cm4.o(.text)
    DMA2_Stream0_IRQHandler                  0x081003b7   Thumb Code     0  startup_stm32h745xx_cm4.o(.text)
    DMA2_Stream1_IRQHandler                  0x081003b7   Thumb Code     0  startup_stm32h745xx_cm4.o(.text)
    DMA2_Stream2_IRQHandler                  0x081003b7   Thumb Code     0  startup_stm32h745xx_cm4.o(.text)
    DMA2_Stream3_IRQHandler                  0x081003b7   Thumb Code     0  startup_stm32h745xx_cm4.o(.text)
    DMA2_Stream4_IRQHandler                  0x081003b7   Thumb Code     0  startup_stm32h745xx_cm4.o(.text)
    DMA2_Stream5_IRQHandler                  0x081003b7   Thumb Code     0  startup_stm32h745xx_cm4.o(.text)
    DMA2_Stream6_IRQHandler                  0x081003b7   Thumb Code     0  startup_stm32h745xx_cm4.o(.text)
    DMA2_Stream7_IRQHandler                  0x081003b7   Thumb Code     0  startup_stm32h745xx_cm4.o(.text)
    DMAMUX1_OVR_IRQHandler                   0x081003b7   Thumb Code     0  startup_stm32h745xx_cm4.o(.text)
    DMAMUX2_OVR_IRQHandler                   0x081003b7   Thumb Code     0  startup_stm32h745xx_cm4.o(.text)
    ECC_IRQHandler                           0x081003b7   Thumb Code     0  startup_stm32h745xx_cm4.o(.text)
    ETH_IRQHandler                           0x081003b7   Thumb Code     0  startup_stm32h745xx_cm4.o(.text)
    ETH_WKUP_IRQHandler                      0x081003b7   Thumb Code     0  startup_stm32h745xx_cm4.o(.text)
    EXTI0_IRQHandler                         0x081003b7   Thumb Code     0  startup_stm32h745xx_cm4.o(.text)
    EXTI1_IRQHandler                         0x081003b7   Thumb Code     0  startup_stm32h745xx_cm4.o(.text)
    EXTI2_IRQHandler                         0x081003b7   Thumb Code     0  startup_stm32h745xx_cm4.o(.text)
    EXTI3_IRQHandler                         0x081003b7   Thumb Code     0  startup_stm32h745xx_cm4.o(.text)
    EXTI4_IRQHandler                         0x081003b7   Thumb Code     0  startup_stm32h745xx_cm4.o(.text)
    EXTI9_5_IRQHandler                       0x081003b7   Thumb Code     0  startup_stm32h745xx_cm4.o(.text)
    FDCAN1_IT0_IRQHandler                    0x081003b7   Thumb Code     0  startup_stm32h745xx_cm4.o(.text)
    FDCAN1_IT1_IRQHandler                    0x081003b7   Thumb Code     0  startup_stm32h745xx_cm4.o(.text)
    FDCAN2_IT0_IRQHandler                    0x081003b7   Thumb Code     0  startup_stm32h745xx_cm4.o(.text)
    FDCAN2_IT1_IRQHandler                    0x081003b7   Thumb Code     0  startup_stm32h745xx_cm4.o(.text)
    FDCAN_CAL_IRQHandler                     0x081003b7   Thumb Code     0  startup_stm32h745xx_cm4.o(.text)
    FLASH_IRQHandler                         0x081003b7   Thumb Code     0  startup_stm32h745xx_cm4.o(.text)
    FMC_IRQHandler                           0x081003b7   Thumb Code     0  startup_stm32h745xx_cm4.o(.text)
    FPU_IRQHandler                           0x081003b7   Thumb Code     0  startup_stm32h745xx_cm4.o(.text)
    HOLD_CORE_IRQHandler                     0x081003b7   Thumb Code     0  startup_stm32h745xx_cm4.o(.text)
    HRTIM1_FLT_IRQHandler                    0x081003b7   Thumb Code     0  startup_stm32h745xx_cm4.o(.text)
    HRTIM1_Master_IRQHandler                 0x081003b7   Thumb Code     0  startup_stm32h745xx_cm4.o(.text)
    HRTIM1_TIMA_IRQHandler                   0x081003b7   Thumb Code     0  startup_stm32h745xx_cm4.o(.text)
    HRTIM1_TIMB_IRQHandler                   0x081003b7   Thumb Code     0  startup_stm32h745xx_cm4.o(.text)
    HRTIM1_TIMC_IRQHandler                   0x081003b7   Thumb Code     0  startup_stm32h745xx_cm4.o(.text)
    HRTIM1_TIMD_IRQHandler                   0x081003b7   Thumb Code     0  startup_stm32h745xx_cm4.o(.text)
    HRTIM1_TIME_IRQHandler                   0x081003b7   Thumb Code     0  startup_stm32h745xx_cm4.o(.text)
    HSEM1_IRQHandler                         0x081003b7   Thumb Code     0  startup_stm32h745xx_cm4.o(.text)
    HSEM2_IRQHandler                         0x081003b7   Thumb Code     0  startup_stm32h745xx_cm4.o(.text)
    I2C1_ER_IRQHandler                       0x081003b7   Thumb Code     0  startup_stm32h745xx_cm4.o(.text)
    I2C1_EV_IRQHandler                       0x081003b7   Thumb Code     0  startup_stm32h745xx_cm4.o(.text)
    I2C2_ER_IRQHandler                       0x081003b7   Thumb Code     0  startup_stm32h745xx_cm4.o(.text)
    I2C2_EV_IRQHandler                       0x081003b7   Thumb Code     0  startup_stm32h745xx_cm4.o(.text)
    I2C3_ER_IRQHandler                       0x081003b7   Thumb Code     0  startup_stm32h745xx_cm4.o(.text)
    I2C3_EV_IRQHandler                       0x081003b7   Thumb Code     0  startup_stm32h745xx_cm4.o(.text)
    I2C4_ER_IRQHandler                       0x081003b7   Thumb Code     0  startup_stm32h745xx_cm4.o(.text)
    I2C4_EV_IRQHandler                       0x081003b7   Thumb Code     0  startup_stm32h745xx_cm4.o(.text)
    JPEG_IRQHandler                          0x081003b7   Thumb Code     0  startup_stm32h745xx_cm4.o(.text)
    LPTIM1_IRQHandler                        0x081003b7   Thumb Code     0  startup_stm32h745xx_cm4.o(.text)
    LPTIM2_IRQHandler                        0x081003b7   Thumb Code     0  startup_stm32h745xx_cm4.o(.text)
    LPTIM3_IRQHandler                        0x081003b7   Thumb Code     0  startup_stm32h745xx_cm4.o(.text)
    LPTIM4_IRQHandler                        0x081003b7   Thumb Code     0  startup_stm32h745xx_cm4.o(.text)
    LPTIM5_IRQHandler                        0x081003b7   Thumb Code     0  startup_stm32h745xx_cm4.o(.text)
    LPUART1_IRQHandler                       0x081003b7   Thumb Code     0  startup_stm32h745xx_cm4.o(.text)
    LTDC_ER_IRQHandler                       0x081003b7   Thumb Code     0  startup_stm32h745xx_cm4.o(.text)
    LTDC_IRQHandler                          0x081003b7   Thumb Code     0  startup_stm32h745xx_cm4.o(.text)
    MDIOS_IRQHandler                         0x081003b7   Thumb Code     0  startup_stm32h745xx_cm4.o(.text)
    MDIOS_WKUP_IRQHandler                    0x081003b7   Thumb Code     0  startup_stm32h745xx_cm4.o(.text)
    MDMA_IRQHandler                          0x081003b7   Thumb Code     0  startup_stm32h745xx_cm4.o(.text)
    OTG_FS_EP1_IN_IRQHandler                 0x081003b7   Thumb Code     0  startup_stm32h745xx_cm4.o(.text)
    OTG_FS_EP1_OUT_IRQHandler                0x081003b7   Thumb Code     0  startup_stm32h745xx_cm4.o(.text)
    OTG_FS_IRQHandler                        0x081003b7   Thumb Code     0  startup_stm32h745xx_cm4.o(.text)
    OTG_FS_WKUP_IRQHandler                   0x081003b7   Thumb Code     0  startup_stm32h745xx_cm4.o(.text)
    OTG_HS_EP1_IN_IRQHandler                 0x081003b7   Thumb Code     0  startup_stm32h745xx_cm4.o(.text)
    OTG_HS_EP1_OUT_IRQHandler                0x081003b7   Thumb Code     0  startup_stm32h745xx_cm4.o(.text)
    OTG_HS_IRQHandler                        0x081003b7   Thumb Code     0  startup_stm32h745xx_cm4.o(.text)
    OTG_HS_WKUP_IRQHandler                   0x081003b7   Thumb Code     0  startup_stm32h745xx_cm4.o(.text)
    PVD_AVD_IRQHandler                       0x081003b7   Thumb Code     0  startup_stm32h745xx_cm4.o(.text)
    QUADSPI_IRQHandler                       0x081003b7   Thumb Code     0  startup_stm32h745xx_cm4.o(.text)
    RCC_IRQHandler                           0x081003b7   Thumb Code     0  startup_stm32h745xx_cm4.o(.text)
    RNG_IRQHandler                           0x081003b7   Thumb Code     0  startup_stm32h745xx_cm4.o(.text)
    RTC_Alarm_IRQHandler                     0x081003b7   Thumb Code     0  startup_stm32h745xx_cm4.o(.text)
    RTC_WKUP_IRQHandler                      0x081003b7   Thumb Code     0  startup_stm32h745xx_cm4.o(.text)
    SAI1_IRQHandler                          0x081003b7   Thumb Code     0  startup_stm32h745xx_cm4.o(.text)
    SAI2_IRQHandler                          0x081003b7   Thumb Code     0  startup_stm32h745xx_cm4.o(.text)
    SAI3_IRQHandler                          0x081003b7   Thumb Code     0  startup_stm32h745xx_cm4.o(.text)
    SAI4_IRQHandler                          0x081003b7   Thumb Code     0  startup_stm32h745xx_cm4.o(.text)
    SDMMC1_IRQHandler                        0x081003b7   Thumb Code     0  startup_stm32h745xx_cm4.o(.text)
    SDMMC2_IRQHandler                        0x081003b7   Thumb Code     0  startup_stm32h745xx_cm4.o(.text)
    SPDIF_RX_IRQHandler                      0x081003b7   Thumb Code     0  startup_stm32h745xx_cm4.o(.text)
    SPI1_IRQHandler                          0x081003b7   Thumb Code     0  startup_stm32h745xx_cm4.o(.text)
    SPI2_IRQHandler                          0x081003b7   Thumb Code     0  startup_stm32h745xx_cm4.o(.text)
    SPI3_IRQHandler                          0x081003b7   Thumb Code     0  startup_stm32h745xx_cm4.o(.text)
    SPI4_IRQHandler                          0x081003b7   Thumb Code     0  startup_stm32h745xx_cm4.o(.text)
    SPI5_IRQHandler                          0x081003b7   Thumb Code     0  startup_stm32h745xx_cm4.o(.text)
    SPI6_IRQHandler                          0x081003b7   Thumb Code     0  startup_stm32h745xx_cm4.o(.text)
    SWPMI1_IRQHandler                        0x081003b7   Thumb Code     0  startup_stm32h745xx_cm4.o(.text)
    TAMP_STAMP_IRQHandler                    0x081003b7   Thumb Code     0  startup_stm32h745xx_cm4.o(.text)
    TIM15_IRQHandler                         0x081003b7   Thumb Code     0  startup_stm32h745xx_cm4.o(.text)
    TIM16_IRQHandler                         0x081003b7   Thumb Code     0  startup_stm32h745xx_cm4.o(.text)
    TIM17_IRQHandler                         0x081003b7   Thumb Code     0  startup_stm32h745xx_cm4.o(.text)
    TIM1_BRK_IRQHandler                      0x081003b7   Thumb Code     0  startup_stm32h745xx_cm4.o(.text)
    TIM1_CC_IRQHandler                       0x081003b7   Thumb Code     0  startup_stm32h745xx_cm4.o(.text)
    TIM1_TRG_COM_IRQHandler                  0x081003b7   Thumb Code     0  startup_stm32h745xx_cm4.o(.text)
    TIM1_UP_IRQHandler                       0x081003b7   Thumb Code     0  startup_stm32h745xx_cm4.o(.text)
    TIM2_IRQHandler                          0x081003b7   Thumb Code     0  startup_stm32h745xx_cm4.o(.text)
    TIM3_IRQHandler                          0x081003b7   Thumb Code     0  startup_stm32h745xx_cm4.o(.text)
    TIM4_IRQHandler                          0x081003b7   Thumb Code     0  startup_stm32h745xx_cm4.o(.text)
    TIM5_IRQHandler                          0x081003b7   Thumb Code     0  startup_stm32h745xx_cm4.o(.text)
    TIM6_DAC_IRQHandler                      0x081003b7   Thumb Code     0  startup_stm32h745xx_cm4.o(.text)
    TIM7_IRQHandler                          0x081003b7   Thumb Code     0  startup_stm32h745xx_cm4.o(.text)
    TIM8_BRK_TIM12_IRQHandler                0x081003b7   Thumb Code     0  startup_stm32h745xx_cm4.o(.text)
    TIM8_CC_IRQHandler                       0x081003b7   Thumb Code     0  startup_stm32h745xx_cm4.o(.text)
    TIM8_TRG_COM_TIM14_IRQHandler            0x081003b7   Thumb Code     0  startup_stm32h745xx_cm4.o(.text)
    TIM8_UP_TIM13_IRQHandler                 0x081003b7   Thumb Code     0  startup_stm32h745xx_cm4.o(.text)
    UART4_IRQHandler                         0x081003b7   Thumb Code     0  startup_stm32h745xx_cm4.o(.text)
    UART5_IRQHandler                         0x081003b7   Thumb Code     0  startup_stm32h745xx_cm4.o(.text)
    UART7_IRQHandler                         0x081003b7   Thumb Code     0  startup_stm32h745xx_cm4.o(.text)
    UART8_IRQHandler                         0x081003b7   Thumb Code     0  startup_stm32h745xx_cm4.o(.text)
    USART1_IRQHandler                        0x081003b7   Thumb Code     0  startup_stm32h745xx_cm4.o(.text)
    USART2_IRQHandler                        0x081003b7   Thumb Code     0  startup_stm32h745xx_cm4.o(.text)
    USART3_IRQHandler                        0x081003b7   Thumb Code     0  startup_stm32h745xx_cm4.o(.text)
    USART6_IRQHandler                        0x081003b7   Thumb Code     0  startup_stm32h745xx_cm4.o(.text)
    WAKEUP_PIN_IRQHandler                    0x081003b7   Thumb Code     0  startup_stm32h745xx_cm4.o(.text)
    WWDG_IRQHandler                          0x081003b7   Thumb Code     0  startup_stm32h745xx_cm4.o(.text)
    WWDG_RST_IRQHandler                      0x081003b7   Thumb Code     0  startup_stm32h745xx_cm4.o(.text)
    __user_initial_stackheap                 0x081003b9   Thumb Code     0  startup_stm32h745xx_cm4.o(.text)
    __aeabi_memset                           0x081003dd   Thumb Code    16  aeabi_memset.o(.text)
    __aeabi_memclr4                          0x081003ed   Thumb Code     0  rt_memclr_w.o(.text)
    __aeabi_memclr8                          0x081003ed   Thumb Code     0  rt_memclr_w.o(.text)
    __rt_memclr_w                            0x081003ed   Thumb Code    78  rt_memclr_w.o(.text)
    _memset_w                                0x081003f1   Thumb Code     0  rt_memclr_w.o(.text)
    __use_two_region_memory                  0x0810043b   Thumb Code     2  heapauxi.o(.text)
    __rt_heap_escrow$2region                 0x0810043d   Thumb Code     2  heapauxi.o(.text)
    __rt_heap_expand$2region                 0x0810043f   Thumb Code     2  heapauxi.o(.text)
    __aeabi_memclr                           0x08100441   Thumb Code     0  rt_memclr.o(.text)
    __rt_memclr                              0x08100441   Thumb Code    68  rt_memclr.o(.text)
    _memset                                  0x08100445   Thumb Code     0  rt_memclr.o(.text)
    __user_setup_stackheap                   0x08100485   Thumb Code    74  sys_stackheap_outer.o(.text)
    exit                                     0x081004cf   Thumb Code    12  exit.o(.text)
    __user_libspace                          0x081004dd   Thumb Code     8  libspace.o(.text)
    __user_perproc_libspace                  0x081004dd   Thumb Code     0  libspace.o(.text)
    __user_perthread_libspace                0x081004dd   Thumb Code     0  libspace.o(.text)
    _sys_exit                                0x081004e5   Thumb Code     8  sys_exit.o(.text)
    __I$use$semihosting                      0x081004f1   Thumb Code     0  use_no_semi.o(.text)
    __use_no_semihosting_swi                 0x081004f1   Thumb Code     2  use_no_semi.o(.text)
    Long Thumb to Thumb Veneer to main       0x081004f3   Thumb Code    10  anon$$obj.o(Veneer$$Code)
    __semihosting_library_function           0x081004f3   Thumb Code     0  indicate_semi.o(.text)
    Long Thumb to Thumb Veneer to HAL_GPIO_EXTI_Callback 0x081004fd   Thumb Code    10  anon$$obj.o(Veneer$$Code)
    BusFault_Handler                         0x08100507   Thumb Code     2  stm32h7xx_it.o(i.BusFault_Handler)
    DebugMon_Handler                         0x08100509   Thumb Code     2  stm32h7xx_it.o(i.DebugMon_Handler)
    EXTI15_10_IRQHandler                     0x0810050b   Thumb Code     8  stm32h7xx_it.o(i.EXTI15_10_IRQHandler)
    HAL_Delay                                0x08100515   Thumb Code    34  stm32h7xx_hal.o(i.HAL_Delay)
    HAL_GPIO_EXTI_IRQHandler                 0x0810053d   Thumb Code    26  stm32h7xx_hal_gpio.o(i.HAL_GPIO_EXTI_IRQHandler)
    HAL_GPIO_Init                            0x08100559   Thumb Code   526  stm32h7xx_hal_gpio.o(i.HAL_GPIO_Init)
    HAL_GPIO_TogglePin                       0x08100771   Thumb Code    16  stm32h7xx_hal_gpio.o(i.HAL_GPIO_TogglePin)
    HAL_GPIO_WritePin                        0x08100781   Thumb Code    10  stm32h7xx_hal_gpio.o(i.HAL_GPIO_WritePin)
    HAL_GetREVID                             0x0810078d   Thumb Code     8  stm32h7xx_hal.o(i.HAL_GetREVID)
    HAL_GetTick                              0x08100799   Thumb Code     6  stm32h7xx_hal.o(i.HAL_GetTick)
    HAL_IncTick                              0x081007a5   Thumb Code    12  stm32h7xx_hal.o(i.HAL_IncTick)
    HAL_Init                                 0x081007b5   Thumb Code   114  stm32h7xx_hal.o(i.HAL_Init)
    HAL_InitTick                             0x08100841   Thumb Code    56  stm32h7xx_hal.o(i.HAL_InitTick)
    HAL_MspInit                              0x08100881   Thumb Code    24  stm32h7xx_hal_msp.o(i.HAL_MspInit)
    HAL_NVIC_EnableIRQ                       0x0810089d   Thumb Code    30  stm32h7xx_hal_cortex.o(i.HAL_NVIC_EnableIRQ)
    HAL_NVIC_SetPriority                     0x081008bd   Thumb Code    96  stm32h7xx_hal_cortex.o(i.HAL_NVIC_SetPriority)
    HAL_NVIC_SetPriorityGrouping             0x08100921   Thumb Code    30  stm32h7xx_hal_cortex.o(i.HAL_NVIC_SetPriorityGrouping)
    HAL_PWREx_ConfigSupply                   0x08100945   Thumb Code   140  stm32h7xx_hal_pwr_ex.o(i.HAL_PWREx_ConfigSupply)
    HAL_RCC_ClockConfig                      0x081009d9   Thumb Code   616  stm32h7xx_hal_rcc.o(i.HAL_RCC_ClockConfig)
    HAL_RCC_GetSysClockFreq                  0x08100c69   Thumb Code   374  stm32h7xx_hal_rcc.o(i.HAL_RCC_GetSysClockFreq)
    HAL_RCC_OscConfig                        0x08100e11   Thumb Code  1546  stm32h7xx_hal_rcc.o(i.HAL_RCC_OscConfig)
    HAL_SYSTICK_Config                       0x08101429   Thumb Code    38  stm32h7xx_hal_cortex.o(i.HAL_SYSTICK_Config)
    HardFault_Handler                        0x08101455   Thumb Code     2  stm32h7xx_it.o(i.HardFault_Handler)
    MemManage_Handler                        0x08101457   Thumb Code     2  stm32h7xx_it.o(i.MemManage_Handler)
    NMI_Handler                              0x08101459   Thumb Code     2  stm32h7xx_it.o(i.NMI_Handler)
    PendSV_Handler                           0x0810145b   Thumb Code     2  stm32h7xx_it.o(i.PendSV_Handler)
    SVC_Handler                              0x0810145d   Thumb Code     2  stm32h7xx_it.o(i.SVC_Handler)
    SysTick_Handler                          0x0810145f   Thumb Code     4  stm32h7xx_it.o(i.SysTick_Handler)
    SystemInit                               0x08101465   Thumb Code   158  system_stm32h7xx_dualcore_boot_cm4_cm7.o(i.SystemInit)
    UsageFault_Handler                       0x08101535   Thumb Code     2  stm32h7xx_it.o(i.UsageFault_Handler)
    _fp_init                                 0x08101537   Thumb Code    10  fpinit.o(x$fpl$fpinit)
    __fplib_config_fpu_vfp                   0x0810153f   Thumb Code     0  fpinit.o(x$fpl$fpinit)
    __fplib_config_pureend_doubles           0x0810153f   Thumb Code     0  fpinit.o(x$fpl$fpinit)
    D1CorePrescTable                         0x08101540   Data          16  system_stm32h7xx_dualcore_boot_cm4_cm7.o(.constdata)
    Region$$Table$$Base                      0x08101550   Number         0  anon$$obj.o(Region$$Table)
    Region$$Table$$Limit                     0x08101580   Number         0  anon$$obj.o(Region$$Table)
    Long Thumb to Thumb Veneer to __aeabi_memclr4 0x10000001   Thumb Code    10  anon$$obj.o(Veneer$$Code)
    Long Thumb to Thumb Veneer to HAL_PWREx_ConfigSupply 0x1000000b   Thumb Code    10  anon$$obj.o(Veneer$$Code)
    Long Thumb to Thumb Veneer to HAL_RCC_OscConfig 0x10000015   Thumb Code    10  anon$$obj.o(Veneer$$Code)
    Long Thumb to Thumb Veneer to HAL_RCC_ClockConfig 0x1000001f   Thumb Code    10  anon$$obj.o(Veneer$$Code)
    Long Thumb to Thumb Veneer to __aeabi_memset 0x10000029   Thumb Code    10  anon$$obj.o(Veneer$$Code)
    Long Thumb to Thumb Veneer to HAL_Init   0x10000033   Thumb Code    10  anon$$obj.o(Veneer$$Code)
    Long Thumb to Thumb Veneer to HAL_GPIO_WritePin 0x1000003d   Thumb Code    10  anon$$obj.o(Veneer$$Code)
    Long Thumb to Thumb Veneer to HAL_GPIO_Init 0x10000047   Thumb Code    10  anon$$obj.o(Veneer$$Code)
    Long Thumb to Thumb Veneer to HAL_NVIC_SetPriority 0x10000051   Thumb Code    10  anon$$obj.o(Veneer$$Code)
    Long Thumb to Thumb Veneer to HAL_NVIC_EnableIRQ 0x1000005b   Thumb Code    10  anon$$obj.o(Veneer$$Code)
    Long Thumb to Thumb Veneer to HAL_Delay  0x10000065   Thumb Code    10  anon$$obj.o(Veneer$$Code)
    Long Thumb to Thumb Veneer to HAL_GPIO_TogglePin 0x1000006f   Thumb Code    10  anon$$obj.o(Veneer$$Code)
    Error_Handler                            0x10000079   Thumb Code     4  main.o(i.Error_Handler)
    GetSector                                0x1000007d   Thumb Code   232  main.o(i.GetSector)
    HAL_GPIO_EXTI_Callback                   0x10000169   Thumb Code   370  main.o(i.HAL_GPIO_EXTI_Callback)
    SystemClock_Config                       0x100002f1   Thumb Code   168  main.o(i.SystemClock_Config)
    _FLASH_CRC_WaitForLastOperation          0x100003a1   Thumb Code    98  main.o(i._FLASH_CRC_WaitForLastOperation)
    _FLASH_Lock                              0x10000409   Thumb Code    50  main.o(i._FLASH_Lock)
    _FLASH_OB_Lock                           0x10000441   Thumb Code    26  main.o(i._FLASH_OB_Lock)
    _FLASH_OB_Unlock                         0x10000461   Thumb Code    36  main.o(i._FLASH_OB_Unlock)
    _FLASH_OB_WaitForLastOperation           0x10000491   Thumb Code    52  main.o(i._FLASH_OB_WaitForLastOperation)
    _FLASH_OptionByteTest                    0x100004c9   Thumb Code   200  flash_if.o(i._FLASH_OptionByteTest)
    _FLASH_ProgramTest                       0x10000599   Thumb Code   298  flash_if.o(i._FLASH_ProgramTest)
    _FLASH_Unlock                            0x100006c9   Thumb Code    64  main.o(i._FLASH_Unlock)
    _FLASH_WaitForLastOperation              0x10000715   Thumb Code   140  main.o(i._FLASH_WaitForLastOperation)
    main                                     0x100007ad   Thumb Code   226  main.o(i.main)
    FirstSector                              0x100008a8   Data           4  main.o(.data)
    NbOfSectors                              0x100008ac   Data           4  main.o(.data)
    FlashWordSS                              0x100008b0   Data         640  main.o(.data)
    Reboot_Core                              0x10000b30   Data           4  flash_if.o(.data)
    uwTickFreq                               0x10000b34   Data           1  stm32h7xx_hal.o(.data)
    uwTickPrio                               0x10000b38   Data           4  stm32h7xx_hal.o(.data)
    uwTick                                   0x10000b3c   Data           4  stm32h7xx_hal.o(.data)
    SystemCoreClock                          0x10000b40   Data           4  system_stm32h7xx_dualcore_boot_cm4_cm7.o(.data)
    SystemD2Clock                            0x10000b44   Data           4  system_stm32h7xx_dualcore_boot_cm4_cm7.o(.data)
    __libspace_start                         0x10000b48   Data          96  libspace.o(.bss)
    __temporary_stack_top$libspace           0x10000ba8   Data           0  libspace.o(.bss)



==============================================================================

Memory Map of the image

  Image Entry point : 0x08100299

  Load Region LR_IROM1 (Base: 0x08100000, Size: 0x000020c8, Max: 0x00100000, ABSOLUTE, COMPRESSED[0x00001e4c])

    Execution Region ER_IROM1 (Base: 0x08100000, Size: 0x00001580, Max: 0x00100000, ABSOLUTE)

    Base Addr    Size         Type   Attr      Idx    E Section Name        Object

    0x08100000   0x00000298   Data   RO            3    RESET               startup_stm32h745xx_cm4.o
    0x08100298   0x00000008   Code   RO         3160  * !!!main             c_w.l(__main.o)
    0x081002a0   0x00000034   Code   RO         3320    !!!scatter          c_w.l(__scatter.o)
    0x081002d4   0x00000064   Code   RO         3318    !!dclz77c           c_w.l(__dclz77c.o)
    0x08100338   0x0000001a   Code   RO         3322    !!handler_copy      c_w.l(__scatter_copy.o)
    0x08100352   0x00000002   PAD
    0x08100354   0x0000001c   Code   RO         3324    !!handler_zi        c_w.l(__scatter_zi.o)
    0x08100370   0x00000002   Code   RO         3189    .ARM.Collect$$libinit$$00000000  c_w.l(libinit.o)
    0x08100372   0x00000004   Code   RO         3195    .ARM.Collect$$libinit$$00000001  c_w.l(libinit2.o)
    0x08100376   0x00000000   Code   RO         3198    .ARM.Collect$$libinit$$00000004  c_w.l(libinit2.o)
    0x08100376   0x00000000   Code   RO         3201    .ARM.Collect$$libinit$$0000000A  c_w.l(libinit2.o)
    0x08100376   0x00000000   Code   RO         3203    .ARM.Collect$$libinit$$0000000C  c_w.l(libinit2.o)
    0x08100376   0x00000000   Code   RO         3205    .ARM.Collect$$libinit$$0000000E  c_w.l(libinit2.o)
    0x08100376   0x00000000   Code   RO         3208    .ARM.Collect$$libinit$$00000011  c_w.l(libinit2.o)
    0x08100376   0x00000000   Code   RO         3210    .ARM.Collect$$libinit$$00000013  c_w.l(libinit2.o)
    0x08100376   0x00000000   Code   RO         3212    .ARM.Collect$$libinit$$00000015  c_w.l(libinit2.o)
    0x08100376   0x00000000   Code   RO         3214    .ARM.Collect$$libinit$$00000017  c_w.l(libinit2.o)
    0x08100376   0x00000000   Code   RO         3216    .ARM.Collect$$libinit$$00000019  c_w.l(libinit2.o)
    0x08100376   0x00000000   Code   RO         3218    .ARM.Collect$$libinit$$0000001B  c_w.l(libinit2.o)
    0x08100376   0x00000000   Code   RO         3220    .ARM.Collect$$libinit$$0000001D  c_w.l(libinit2.o)
    0x08100376   0x00000000   Code   RO         3222    .ARM.Collect$$libinit$$0000001F  c_w.l(libinit2.o)
    0x08100376   0x00000000   Code   RO         3224    .ARM.Collect$$libinit$$00000021  c_w.l(libinit2.o)
    0x08100376   0x00000000   Code   RO         3226    .ARM.Collect$$libinit$$00000023  c_w.l(libinit2.o)
    0x08100376   0x00000000   Code   RO         3228    .ARM.Collect$$libinit$$00000025  c_w.l(libinit2.o)
    0x08100376   0x00000000   Code   RO         3232    .ARM.Collect$$libinit$$0000002C  c_w.l(libinit2.o)
    0x08100376   0x00000000   Code   RO         3234    .ARM.Collect$$libinit$$0000002E  c_w.l(libinit2.o)
    0x08100376   0x00000000   Code   RO         3236    .ARM.Collect$$libinit$$00000030  c_w.l(libinit2.o)
    0x08100376   0x00000000   Code   RO         3238    .ARM.Collect$$libinit$$00000032  c_w.l(libinit2.o)
    0x08100376   0x00000002   Code   RO         3239    .ARM.Collect$$libinit$$00000033  c_w.l(libinit2.o)
    0x08100378   0x00000002   Code   RO         3259    .ARM.Collect$$libshutdown$$00000000  c_w.l(libshutdown.o)
    0x0810037a   0x00000000   Code   RO         3273    .ARM.Collect$$libshutdown$$00000003  c_w.l(libshutdown2.o)
    0x0810037a   0x00000000   Code   RO         3276    .ARM.Collect$$libshutdown$$00000006  c_w.l(libshutdown2.o)
    0x0810037a   0x00000000   Code   RO         3279    .ARM.Collect$$libshutdown$$00000009  c_w.l(libshutdown2.o)
    0x0810037a   0x00000000   Code   RO         3281    .ARM.Collect$$libshutdown$$0000000B  c_w.l(libshutdown2.o)
    0x0810037a   0x00000000   Code   RO         3284    .ARM.Collect$$libshutdown$$0000000E  c_w.l(libshutdown2.o)
    0x0810037a   0x00000002   Code   RO         3285    .ARM.Collect$$libshutdown$$0000000F  c_w.l(libshutdown2.o)
    0x0810037c   0x00000000   Code   RO         3162    .ARM.Collect$$rtentry$$00000000  c_w.l(__rtentry.o)
    0x0810037c   0x00000000   Code   RO         3166    .ARM.Collect$$rtentry$$00000002  c_w.l(__rtentry2.o)
    0x0810037c   0x00000006   Code   RO         3178    .ARM.Collect$$rtentry$$00000004  c_w.l(__rtentry4.o)
    0x08100382   0x00000000   Code   RO         3168    .ARM.Collect$$rtentry$$00000009  c_w.l(__rtentry2.o)
    0x08100382   0x00000004   Code   RO         3169    .ARM.Collect$$rtentry$$0000000A  c_w.l(__rtentry2.o)
    0x08100386   0x00000000   Code   RO         3171    .ARM.Collect$$rtentry$$0000000C  c_w.l(__rtentry2.o)
    0x08100386   0x00000008   Code   RO         3172    .ARM.Collect$$rtentry$$0000000D  c_w.l(__rtentry2.o)
    0x0810038e   0x00000002   Code   RO         3193    .ARM.Collect$$rtexit$$00000000  c_w.l(rtexit.o)
    0x08100390   0x00000000   Code   RO         3241    .ARM.Collect$$rtexit$$00000002  c_w.l(rtexit2.o)
    0x08100390   0x00000004   Code   RO         3242    .ARM.Collect$$rtexit$$00000003  c_w.l(rtexit2.o)
    0x08100394   0x00000006   Code   RO         3243    .ARM.Collect$$rtexit$$00000004  c_w.l(rtexit2.o)
    0x0810039a   0x00000002   PAD
    0x0810039c   0x00000040   Code   RO            4    .text               startup_stm32h745xx_cm4.o
    0x081003dc   0x00000010   Code   RO         3154    .text               c_w.l(aeabi_memset.o)
    0x081003ec   0x0000004e   Code   RO         3156    .text               c_w.l(rt_memclr_w.o)
    0x0810043a   0x00000006   Code   RO         3158    .text               c_w.l(heapauxi.o)
    0x08100440   0x00000044   Code   RO         3163    .text               c_w.l(rt_memclr.o)
    0x08100484   0x0000004a   Code   RO         3180    .text               c_w.l(sys_stackheap_outer.o)
    0x081004ce   0x0000000c   Code   RO         3182    .text               c_w.l(exit.o)
    0x081004da   0x00000002   PAD
    0x081004dc   0x00000008   Code   RO         3190    .text               c_w.l(libspace.o)
    0x081004e4   0x0000000c   Code   RO         3251    .text               c_w.l(sys_exit.o)
    0x081004f0   0x00000002   Code   RO         3262    .text               c_w.l(use_no_semi.o)
    0x081004f2   0x00000000   Code   RO         3264    .text               c_w.l(indicate_semi.o)
    0x081004f2   0x0000000a   Ven    RO         3326    Veneer$$Code        anon$$obj.o
    0x081004fc   0x0000000a   Ven    RO         3327    Veneer$$Code        anon$$obj.o
    0x08100506   0x00000002   Code   RO          253    i.BusFault_Handler  stm32h7xx_it.o
    0x08100508   0x00000002   Code   RO          254    i.DebugMon_Handler  stm32h7xx_it.o
    0x0810050a   0x00000008   Code   RO          255    i.EXTI15_10_IRQHandler  stm32h7xx_it.o
    0x08100512   0x00000002   PAD
    0x08100514   0x00000028   Code   RO         2187    i.HAL_Delay         stm32h7xx_hal.o
    0x0810053c   0x0000001a   Code   RO         1332    i.HAL_GPIO_EXTI_IRQHandler  stm32h7xx_hal_gpio.o
    0x08100556   0x00000002   PAD
    0x08100558   0x00000218   Code   RO         1333    i.HAL_GPIO_Init     stm32h7xx_hal_gpio.o
    0x08100770   0x00000010   Code   RO         1336    i.HAL_GPIO_TogglePin  stm32h7xx_hal_gpio.o
    0x08100780   0x0000000a   Code   RO         1337    i.HAL_GPIO_WritePin  stm32h7xx_hal_gpio.o
    0x0810078a   0x00000002   PAD
    0x0810078c   0x0000000c   Code   RO         2206    i.HAL_GetREVID      stm32h7xx_hal.o
    0x08100798   0x0000000c   Code   RO         2207    i.HAL_GetTick       stm32h7xx_hal.o
    0x081007a4   0x00000010   Code   RO         2213    i.HAL_IncTick       stm32h7xx_hal.o
    0x081007b4   0x0000008c   Code   RO         2214    i.HAL_Init          stm32h7xx_hal.o
    0x08100840   0x00000040   Code   RO         2215    i.HAL_InitTick      stm32h7xx_hal.o
    0x08100880   0x0000001c   Code   RO          334    i.HAL_MspInit       stm32h7xx_hal_msp.o
    0x0810089c   0x0000001e   Code   RO          446    i.HAL_NVIC_EnableIRQ  stm32h7xx_hal_cortex.o
    0x081008ba   0x00000002   PAD
    0x081008bc   0x00000064   Code   RO          452    i.HAL_NVIC_SetPriority  stm32h7xx_hal_cortex.o
    0x08100920   0x00000024   Code   RO          453    i.HAL_NVIC_SetPriorityGrouping  stm32h7xx_hal_cortex.o
    0x08100944   0x00000094   Code   RO         1910    i.HAL_PWREx_ConfigSupply  stm32h7xx_hal_pwr_ex.o
    0x081009d8   0x00000290   Code   RO          854    i.HAL_RCC_ClockConfig  stm32h7xx_hal_rcc.o
    0x08100c68   0x000001a8   Code   RO          863    i.HAL_RCC_GetSysClockFreq  stm32h7xx_hal_rcc.o
    0x08100e10   0x00000618   Code   RO          866    i.HAL_RCC_OscConfig  stm32h7xx_hal_rcc.o
    0x08101428   0x0000002c   Code   RO          457    i.HAL_SYSTICK_Config  stm32h7xx_hal_cortex.o
    0x08101454   0x00000002   Code   RO          256    i.HardFault_Handler  stm32h7xx_it.o
    0x08101456   0x00000002   Code   RO          257    i.MemManage_Handler  stm32h7xx_it.o
    0x08101458   0x00000002   Code   RO          258    i.NMI_Handler       stm32h7xx_it.o
    0x0810145a   0x00000002   Code   RO          259    i.PendSV_Handler    stm32h7xx_it.o
    0x0810145c   0x00000002   Code   RO          260    i.SVC_Handler       stm32h7xx_it.o
    0x0810145e   0x00000004   Code   RO          261    i.SysTick_Handler   stm32h7xx_it.o
    0x08101462   0x00000002   PAD
    0x08101464   0x000000d0   Code   RO         3119    i.SystemInit        system_stm32h7xx_dualcore_boot_cm4_cm7.o
    0x08101534   0x00000002   Code   RO          262    i.UsageFault_Handler  stm32h7xx_it.o
    0x08101536   0x0000000a   Code   RO         3249    x$fpl$fpinit        fz_wm.l(fpinit.o)
    0x08101540   0x00000010   Data   RO         3120    .constdata          system_stm32h7xx_dualcore_boot_cm4_cm7.o
    0x08101550   0x00000030   Data   RO         3316    Region$$Table       anon$$obj.o


    Execution Region RW_IRAM1 (Base: 0x10000000, Size: 0x000011a8, Max: 0x00048000, ABSOLUTE, COMPRESSED[0x00000024])

    Base Addr    Size         Type   Attr      Idx    E Section Name        Object

    0x10000000   0x0000000a   Ven    RO         3328    Veneer$$Code        anon$$obj.o
    0x1000000a   0x0000000a   Ven    RO         3329    Veneer$$Code        anon$$obj.o
    0x10000014   0x0000000a   Ven    RO         3330    Veneer$$Code        anon$$obj.o
    0x1000001e   0x0000000a   Ven    RO         3331    Veneer$$Code        anon$$obj.o
    0x10000028   0x0000000a   Ven    RO         3332    Veneer$$Code        anon$$obj.o
    0x10000032   0x0000000a   Ven    RO         3333    Veneer$$Code        anon$$obj.o
    0x1000003c   0x0000000a   Ven    RO         3334    Veneer$$Code        anon$$obj.o
    0x10000046   0x0000000a   Ven    RO         3335    Veneer$$Code        anon$$obj.o
    0x10000050   0x0000000a   Ven    RO         3336    Veneer$$Code        anon$$obj.o
    0x1000005a   0x0000000a   Ven    RO         3337    Veneer$$Code        anon$$obj.o
    0x10000064   0x0000000a   Ven    RO         3338    Veneer$$Code        anon$$obj.o
    0x1000006e   0x0000000a   Ven    RO         3339    Veneer$$Code        anon$$obj.o
    0x10000078   0x00000004   Code   RO           13    i.Error_Handler     main.o
    0x1000007c   0x000000ec   Code   RO           15    i.GetSector         main.o
    0x10000168   0x00000188   Code   RO           16    i.HAL_GPIO_EXTI_Callback  main.o
    0x100002f0   0x000000b0   Code   RO           17    i.SystemClock_Config  main.o
    0x100003a0   0x00000068   Code   RO           18    i._FLASH_CRC_WaitForLastOperation  main.o
    0x10000408   0x00000038   Code   RO           19    i._FLASH_Lock       main.o
    0x10000440   0x00000020   Code   RO           20    i._FLASH_OB_Lock    main.o
    0x10000460   0x00000030   Code   RO           21    i._FLASH_OB_Unlock  main.o
    0x10000490   0x00000038   Code   RO           22    i._FLASH_OB_WaitForLastOperation  main.o
    0x100004c8   0x000000d0   Code   RO          358    i._FLASH_OptionByteTest  flash_if.o
    0x10000598   0x00000130   Code   RO          359    i._FLASH_ProgramTest  flash_if.o
    0x100006c8   0x0000004c   Code   RO           24    i._FLASH_Unlock     main.o
    0x10000714   0x00000098   Code   RO           25    i._FLASH_WaitForLastOperation  main.o
    0x100007ac   0x000000fc   Code   RO           26    i.main              main.o
    0x100008a8   0x00000288   Data   RW           29    .data               main.o
    0x10000b30   0x00000004   Data   RW          360    .data               flash_if.o
    0x10000b34   0x0000000c   Data   RW         2241    .data               stm32h7xx_hal.o
    0x10000b40   0x00000008   Data   RW         3121    .data               system_stm32h7xx_dualcore_boot_cm4_cm7.o
    0x10000b48   0x00000060   Zero   RW         3191    .bss                c_w.l(libspace.o)
    0x10000ba8   0x00000200   Zero   RW            2    HEAP                startup_stm32h745xx_cm4.o
    0x10000da8   0x00000400   Zero   RW            1    STACK               startup_stm32h745xx_cm4.o


==============================================================================

Image component sizes


      Code (inc. data)   RO Data    RW Data    ZI Data      Debug   Object Name

       512         14          0          4          0       2495   flash_if.o
      1584        118          0        648          0    1275259   main.o
        64         26        664          0       1536        876   startup_stm32h745xx_cm4.o
       284         54          0         12          0      31348   stm32h7xx_hal.o
       210         16          0          0          0      33187   stm32h7xx_hal_cortex.o
       588         10          0          0          0       3308   stm32h7xx_hal_gpio.o
        28          4          0          0          0        902   stm32h7xx_hal_msp.o
       148          8          0          0          0        841   stm32h7xx_hal_pwr_ex.o
      2640        138          0          0          0       5254   stm32h7xx_hal_rcc.o
        28          0          0          0          0       4973   stm32h7xx_it.o
       208         50         16          8          0       1474   system_stm32h7xx_dualcore_boot_cm4_cm7.o

    ----------------------------------------------------------------------
      6444        438        728        672       1536    1359917   Object Totals
       140          0         48          0          0          0   (incl. Generated)
        10          0          0          0          0          0   (incl. Padding)

    ----------------------------------------------------------------------

      Code (inc. data)   RO Data    RW Data    ZI Data      Debug   Library Member Name

       100          0          0          0          0          0   __dclz77c.o
         8          0          0          0          0         68   __main.o
         0          0          0          0          0          0   __rtentry.o
        12          0          0          0          0          0   __rtentry2.o
         6          0          0          0          0          0   __rtentry4.o
        52          8          0          0          0          0   __scatter.o
        26          0          0          0          0          0   __scatter_copy.o
        28          0          0          0          0          0   __scatter_zi.o
        16          0          0          0          0         68   aeabi_memset.o
        12          0          0          0          0         72   exit.o
         6          0          0          0          0        152   heapauxi.o
         0          0          0          0          0          0   indicate_semi.o
         2          0          0          0          0          0   libinit.o
         6          0          0          0          0          0   libinit2.o
         2          0          0          0          0          0   libshutdown.o
         2          0          0          0          0          0   libshutdown2.o
         8          4          0          0         96         68   libspace.o
        68          0          0          0          0         68   rt_memclr.o
        78          0          0          0          0         80   rt_memclr_w.o
         2          0          0          0          0          0   rtexit.o
        10          0          0          0          0          0   rtexit2.o
        12          4          0          0          0         68   sys_exit.o
        74          0          0          0          0         80   sys_stackheap_outer.o
         2          0          0          0          0         68   use_no_semi.o
        10          0          0          0          0        116   fpinit.o

    ----------------------------------------------------------------------
       548         16          0          0         96        908   Library Totals
         6          0          0          0          0          0   (incl. Padding)

    ----------------------------------------------------------------------

      Code (inc. data)   RO Data    RW Data    ZI Data      Debug   Library Name

       532         16          0          0         96        792   c_w.l
        10          0          0          0          0        116   fz_wm.l

    ----------------------------------------------------------------------
       548         16          0          0         96        908   Library Totals

    ----------------------------------------------------------------------

==============================================================================


      Code (inc. data)   RO Data    RW Data    ZI Data      Debug   

      6992        454        728        672       1632    1356981   Grand Totals
      6992        454        728         36       1632    1356981   ELF Image Totals (compressed)
      6992        454        728         36          0          0   ROM Totals

==============================================================================

    Total RO  Size (Code + RO Data)                 7720 (   7.54kB)
    Total RW  Size (RW Data + ZI Data)              2304 (   2.25kB)
    Total ROM Size (Code + RO Data + RW Data)       7756 (   7.57kB)

==============================================================================

